Command line invocation:
    /Applications/Xcode.app/Contents/Developer/usr/bin/xcodebuild -project PingApp.xcodeproj -scheme PingApp -configuration Debug clean build

Resolve Package Graph


Resolved source packages:
  ICMPPing: https://github.com/LebJe/ICMPPing.git @ 0.0.1

2025-11-29 21:11:10.463 xcodebuild[8957:278300] [MT] IDERunDestination: Supported platforms for the buildables in the current scheme is empty.
--- xcodebuild: WARNING: Using the first of multiple matching destinations:
{ platform:macOS, arch:arm64, id:00006000-001C78811A02401E, name:My Mac }
{ platform:macOS, arch:x86_64, id:00006000-001C78811A02401E, name:My Mac }
{ platform:macOS, name:Any Mac }
CreateBuildRequest

SendProjectDescription

CreateBuildOperation

** CLEAN SUCCEEDED **

--- xcodebuild: WARNING: Using the first of multiple matching destinations:
{ platform:macOS, arch:arm64, id:00006000-001C78811A02401E, name:My Mac }
{ platform:macOS, arch:x86_64, id:00006000-001C78811A02401E, name:My Mac }
{ platform:macOS, name:Any Mac }
ComputePackagePrebuildTargetDependencyGraph

Prepare packages

CreateBuildRequest

SendProjectDescription

CreateBuildOperation

ComputeTargetDependencyGraph
note: Building targets in dependency order
note: Target dependency graph (4 targets)
    Target 'PingApp' in project 'PingApp'
        ➜ Explicit dependency on target 'ICMPPing' in project 'ICMPPing'
    Target 'ICMPPing' in project 'ICMPPing'
        ➜ Explicit dependency on target 'ICMPPing' in project 'ICMPPing'
        ➜ Explicit dependency on target 'ICMPLib' in project 'ICMPPing'
    Target 'ICMPPing' in project 'ICMPPing'
        ➜ Explicit dependency on target 'ICMPLib' in project 'ICMPPing'
    Target 'ICMPLib' in project 'ICMPPing' (no dependencies)

GatherProvisioningInputs

CreateBuildDescription

ExecuteExternalTool /Applications/Xcode.app/Contents/Developer/Toolchains/XcodeDefault.xctoolchain/usr/bin/clang -v -E -dM -isysroot /Applications/Xcode.app/Contents/Developer/Platforms/MacOSX.platform/Developer/SDKs/MacOSX26.1.sdk -x c -c /dev/null

ExecuteExternalTool /Applications/Xcode.app/Contents/Developer/Toolchains/XcodeDefault.xctoolchain/usr/bin/clang -v -E -dM -arch arm64 -isysroot /Applications/Xcode.app/Contents/Developer/Platforms/MacOSX.platform/Developer/SDKs/MacOSX26.1.sdk -x c++ -c /dev/null

ExecuteExternalTool /Applications/Xcode.app/Contents/Developer/Toolchains/XcodeDefault.xctoolchain/usr/bin/swiftc --version

ExecuteExternalTool /Applications/Xcode.app/Contents/Developer/usr/bin/actool --version --output-format xml1

ExecuteExternalTool /Applications/Xcode.app/Contents/Developer/Toolchains/XcodeDefault.xctoolchain/usr/bin/clang -v -E -dM -arch arm64 -isysroot /Applications/Xcode.app/Contents/Developer/Platforms/MacOSX.platform/Developer/SDKs/MacOSX26.1.sdk -x c -c /dev/null

ExecuteExternalTool /Applications/Xcode.app/Contents/Developer/Toolchains/XcodeDefault.xctoolchain/usr/bin/ld -version_details

ReadFileContents /Applications/Xcode.app/Contents/Developer/Toolchains/XcodeDefault.xctoolchain/usr/share/docc/features.json

Build description signature: a9a7350e6bdad9106dfde82a016c02a0
Build description path: /Users/nick/Library/Developer/Xcode/DerivedData/PingApp-aefdhkxdvtwimlfippgngpfiojrg/Build/Intermediates.noindex/XCBuildData/a9a7350e6bdad9106dfde82a016c02a0.xcbuilddata
ClangStatCache /Applications/Xcode.app/Contents/Developer/Toolchains/XcodeDefault.xctoolchain/usr/bin/clang-stat-cache /Applications/Xcode.app/Contents/Developer/Platforms/MacOSX.platform/Developer/SDKs/MacOSX26.1.sdk /Users/nick/Library/Developer/Xcode/DerivedData/SDKStatCaches.noindex/macosx26.1-25B74-3ae1261907bdadc328169391a47051a6.sdkstatcache
    cd /Users/nick/sync/development/pingApp/PingApp.xcodeproj
    /Applications/Xcode.app/Contents/Developer/Toolchains/XcodeDefault.xctoolchain/usr/bin/clang-stat-cache /Applications/Xcode.app/Contents/Developer/Platforms/MacOSX.platform/Developer/SDKs/MacOSX26.1.sdk -o /Users/nick/Library/Developer/Xcode/DerivedData/SDKStatCaches.noindex/macosx26.1-25B74-3ae1261907bdadc328169391a47051a6.sdkstatcache

CreateBuildDirectory /Users/nick/Library/Developer/Xcode/DerivedData/PingApp-aefdhkxdvtwimlfippgngpfiojrg/Build/Products
    cd /Users/nick/sync/development/pingApp/PingApp.xcodeproj
    builtin-create-build-directory /Users/nick/Library/Developer/Xcode/DerivedData/PingApp-aefdhkxdvtwimlfippgngpfiojrg/Build/Products

CreateBuildDirectory /Users/nick/Library/Developer/Xcode/DerivedData/PingApp-aefdhkxdvtwimlfippgngpfiojrg/Build/Intermediates.noindex
    cd /Users/nick/sync/development/pingApp/PingApp.xcodeproj
    builtin-create-build-directory /Users/nick/Library/Developer/Xcode/DerivedData/PingApp-aefdhkxdvtwimlfippgngpfiojrg/Build/Intermediates.noindex

CreateBuildDirectory /Users/nick/Library/Developer/Xcode/DerivedData/PingApp-aefdhkxdvtwimlfippgngpfiojrg/Build/Intermediates.noindex/SwiftExplicitPrecompiledModules
    cd /Users/nick/sync/development/pingApp/PingApp.xcodeproj
    builtin-create-build-directory /Users/nick/Library/Developer/Xcode/DerivedData/PingApp-aefdhkxdvtwimlfippgngpfiojrg/Build/Intermediates.noindex/SwiftExplicitPrecompiledModules

CreateBuildDirectory /Users/nick/Library/Developer/Xcode/DerivedData/PingApp-aefdhkxdvtwimlfippgngpfiojrg/Build/Intermediates.noindex/ExplicitPrecompiledModules
    cd /Users/nick/sync/development/pingApp/PingApp.xcodeproj
    builtin-create-build-directory /Users/nick/Library/Developer/Xcode/DerivedData/PingApp-aefdhkxdvtwimlfippgngpfiojrg/Build/Intermediates.noindex/ExplicitPrecompiledModules

CreateBuildDirectory /Users/nick/Library/Developer/Xcode/DerivedData/PingApp-aefdhkxdvtwimlfippgngpfiojrg/Build/Products/Debug
    cd /Users/nick/sync/development/pingApp/PingApp.xcodeproj
    builtin-create-build-directory /Users/nick/Library/Developer/Xcode/DerivedData/PingApp-aefdhkxdvtwimlfippgngpfiojrg/Build/Products/Debug

CreateBuildDirectory /Users/nick/Library/Developer/Xcode/DerivedData/PingApp-aefdhkxdvtwimlfippgngpfiojrg/Build/Intermediates.noindex/EagerLinkingTBDs/Debug
    cd /Users/nick/sync/development/pingApp/PingApp.xcodeproj
    builtin-create-build-directory /Users/nick/Library/Developer/Xcode/DerivedData/PingApp-aefdhkxdvtwimlfippgngpfiojrg/Build/Intermediates.noindex/EagerLinkingTBDs/Debug

WriteAuxiliaryFile /Users/nick/Library/Developer/Xcode/DerivedData/PingApp-aefdhkxdvtwimlfippgngpfiojrg/Build/Intermediates.noindex/PingApp.build/Debug/PingApp-7a7b0976bdd75e61884d803d5a23965b-VFS/all-product-headers.yaml
    cd /Users/nick/sync/development/pingApp/PingApp.xcodeproj
    write-file /Users/nick/Library/Developer/Xcode/DerivedData/PingApp-aefdhkxdvtwimlfippgngpfiojrg/Build/Intermediates.noindex/PingApp.build/Debug/PingApp-7a7b0976bdd75e61884d803d5a23965b-VFS/all-product-headers.yaml

CreateBuildDirectory /Users/nick/Library/Developer/Xcode/DerivedData/PingApp-aefdhkxdvtwimlfippgngpfiojrg/Build/Products/Debug/PackageFrameworks
    cd /Users/nick/sync/development/pingApp/PingApp.xcodeproj
    builtin-create-build-directory /Users/nick/Library/Developer/Xcode/DerivedData/PingApp-aefdhkxdvtwimlfippgngpfiojrg/Build/Products/Debug/PackageFrameworks

WriteAuxiliaryFile /Users/nick/Library/Developer/Xcode/DerivedData/PingApp-aefdhkxdvtwimlfippgngpfiojrg/Build/Intermediates.noindex/PingApp.build/Debug/PingApp.build/PingApp.DependencyMetadataFileList (in target 'PingApp' from project 'PingApp')
    cd /Users/nick/sync/development/pingApp
    write-file /Users/nick/Library/Developer/Xcode/DerivedData/PingApp-aefdhkxdvtwimlfippgngpfiojrg/Build/Intermediates.noindex/PingApp.build/Debug/PingApp.build/PingApp.DependencyMetadataFileList

WriteAuxiliaryFile /Users/nick/Library/Developer/Xcode/DerivedData/PingApp-aefdhkxdvtwimlfippgngpfiojrg/Build/Intermediates.noindex/PingApp.build/Debug/PingApp.build/PingApp-project-headers.hmap (in target 'PingApp' from project 'PingApp')
    cd /Users/nick/sync/development/pingApp
    write-file /Users/nick/Library/Developer/Xcode/DerivedData/PingApp-aefdhkxdvtwimlfippgngpfiojrg/Build/Intermediates.noindex/PingApp.build/Debug/PingApp.build/PingApp-project-headers.hmap

WriteAuxiliaryFile /Users/nick/Library/Developer/Xcode/DerivedData/PingApp-aefdhkxdvtwimlfippgngpfiojrg/Build/Intermediates.noindex/PingApp.build/Debug/PingApp.build/PingApp-own-target-headers.hmap (in target 'PingApp' from project 'PingApp')
    cd /Users/nick/sync/development/pingApp
    write-file /Users/nick/Library/Developer/Xcode/DerivedData/PingApp-aefdhkxdvtwimlfippgngpfiojrg/Build/Intermediates.noindex/PingApp.build/Debug/PingApp.build/PingApp-own-target-headers.hmap

WriteAuxiliaryFile /Users/nick/Library/Developer/Xcode/DerivedData/PingApp-aefdhkxdvtwimlfippgngpfiojrg/Build/Intermediates.noindex/PingApp.build/Debug/PingApp.build/PingApp.hmap (in target 'PingApp' from project 'PingApp')
    cd /Users/nick/sync/development/pingApp
    write-file /Users/nick/Library/Developer/Xcode/DerivedData/PingApp-aefdhkxdvtwimlfippgngpfiojrg/Build/Intermediates.noindex/PingApp.build/Debug/PingApp.build/PingApp.hmap

WriteAuxiliaryFile /Users/nick/Library/Developer/Xcode/DerivedData/PingApp-aefdhkxdvtwimlfippgngpfiojrg/Build/Intermediates.noindex/PingApp.build/Debug/PingApp.build/PingApp-generated-files.hmap (in target 'PingApp' from project 'PingApp')
    cd /Users/nick/sync/development/pingApp
    write-file /Users/nick/Library/Developer/Xcode/DerivedData/PingApp-aefdhkxdvtwimlfippgngpfiojrg/Build/Intermediates.noindex/PingApp.build/Debug/PingApp.build/PingApp-generated-files.hmap

WriteAuxiliaryFile /Users/nick/Library/Developer/Xcode/DerivedData/PingApp-aefdhkxdvtwimlfippgngpfiojrg/Build/Intermediates.noindex/PingApp.build/Debug/PingApp.build/PingApp-all-target-headers.hmap (in target 'PingApp' from project 'PingApp')
    cd /Users/nick/sync/development/pingApp
    write-file /Users/nick/Library/Developer/Xcode/DerivedData/PingApp-aefdhkxdvtwimlfippgngpfiojrg/Build/Intermediates.noindex/PingApp.build/Debug/PingApp.build/PingApp-all-target-headers.hmap

WriteAuxiliaryFile /Users/nick/Library/Developer/Xcode/DerivedData/PingApp-aefdhkxdvtwimlfippgngpfiojrg/Build/Intermediates.noindex/PingApp.build/Debug/PingApp.build/PingApp-all-non-framework-target-headers.hmap (in target 'PingApp' from project 'PingApp')
    cd /Users/nick/sync/development/pingApp
    write-file /Users/nick/Library/Developer/Xcode/DerivedData/PingApp-aefdhkxdvtwimlfippgngpfiojrg/Build/Intermediates.noindex/PingApp.build/Debug/PingApp.build/PingApp-all-non-framework-target-headers.hmap

WriteAuxiliaryFile /Users/nick/Library/Developer/Xcode/DerivedData/PingApp-aefdhkxdvtwimlfippgngpfiojrg/Build/Intermediates.noindex/PingApp.build/Debug/PingApp.build/PingApp.DependencyStaticMetadataFileList (in target 'PingApp' from project 'PingApp')
    cd /Users/nick/sync/development/pingApp
    write-file /Users/nick/Library/Developer/Xcode/DerivedData/PingApp-aefdhkxdvtwimlfippgngpfiojrg/Build/Intermediates.noindex/PingApp.build/Debug/PingApp.build/PingApp.DependencyStaticMetadataFileList

WriteAuxiliaryFile /Users/nick/Library/Developer/Xcode/DerivedData/PingApp-aefdhkxdvtwimlfippgngpfiojrg/Build/Intermediates.noindex/ICMPPing.build/Debug/ICMPLib.build/ICMPLib.modulemap (in target 'ICMPLib' from project 'ICMPPing')
    cd /Users/nick/Library/Developer/Xcode/DerivedData/PingApp-aefdhkxdvtwimlfippgngpfiojrg/SourcePackages/checkouts/ICMPPing
    write-file /Users/nick/Library/Developer/Xcode/DerivedData/PingApp-aefdhkxdvtwimlfippgngpfiojrg/Build/Intermediates.noindex/ICMPPing.build/Debug/ICMPLib.build/ICMPLib.modulemap

WriteAuxiliaryFile /Users/nick/Library/Developer/Xcode/DerivedData/PingApp-aefdhkxdvtwimlfippgngpfiojrg/Build/Intermediates.noindex/PingApp.build/Debug/PingApp.build/PingApp-DebugDylibPath-normal-arm64.txt (in target 'PingApp' from project 'PingApp')
    cd /Users/nick/sync/development/pingApp
    write-file /Users/nick/Library/Developer/Xcode/DerivedData/PingApp-aefdhkxdvtwimlfippgngpfiojrg/Build/Intermediates.noindex/PingApp.build/Debug/PingApp.build/PingApp-DebugDylibPath-normal-arm64.txt

WriteAuxiliaryFile /Users/nick/Library/Developer/Xcode/DerivedData/PingApp-aefdhkxdvtwimlfippgngpfiojrg/Build/Intermediates.noindex/PingApp.build/Debug/PingApp.build/PingApp-DebugDylibInstallName-normal-arm64.txt (in target 'PingApp' from project 'PingApp')
    cd /Users/nick/sync/development/pingApp
    write-file /Users/nick/Library/Developer/Xcode/DerivedData/PingApp-aefdhkxdvtwimlfippgngpfiojrg/Build/Intermediates.noindex/PingApp.build/Debug/PingApp.build/PingApp-DebugDylibInstallName-normal-arm64.txt

WriteAuxiliaryFile /Users/nick/Library/Developer/Xcode/DerivedData/PingApp-aefdhkxdvtwimlfippgngpfiojrg/Build/Intermediates.noindex/PingApp.build/Debug/PingApp.build/Objects-normal/arm64/PingApp.SwiftFileList (in target 'PingApp' from project 'PingApp')
    cd /Users/nick/sync/development/pingApp
    write-file /Users/nick/Library/Developer/Xcode/DerivedData/PingApp-aefdhkxdvtwimlfippgngpfiojrg/Build/Intermediates.noindex/PingApp.build/Debug/PingApp.build/Objects-normal/arm64/PingApp.SwiftFileList

WriteAuxiliaryFile /Users/nick/Library/Developer/Xcode/DerivedData/PingApp-aefdhkxdvtwimlfippgngpfiojrg/Build/Intermediates.noindex/PingApp.build/Debug/PingApp.build/Objects-normal/arm64/PingApp_const_extract_protocols.json (in target 'PingApp' from project 'PingApp')
    cd /Users/nick/sync/development/pingApp
    write-file /Users/nick/Library/Developer/Xcode/DerivedData/PingApp-aefdhkxdvtwimlfippgngpfiojrg/Build/Intermediates.noindex/PingApp.build/Debug/PingApp.build/Objects-normal/arm64/PingApp_const_extract_protocols.json

WriteAuxiliaryFile /Users/nick/Library/Developer/Xcode/DerivedData/PingApp-aefdhkxdvtwimlfippgngpfiojrg/Build/Intermediates.noindex/PingApp.build/Debug/PingApp.build/Objects-normal/arm64/PingApp.SwiftConstValuesFileList (in target 'PingApp' from project 'PingApp')
    cd /Users/nick/sync/development/pingApp
    write-file /Users/nick/Library/Developer/Xcode/DerivedData/PingApp-aefdhkxdvtwimlfippgngpfiojrg/Build/Intermediates.noindex/PingApp.build/Debug/PingApp.build/Objects-normal/arm64/PingApp.SwiftConstValuesFileList

WriteAuxiliaryFile /Users/nick/Library/Developer/Xcode/DerivedData/PingApp-aefdhkxdvtwimlfippgngpfiojrg/Build/Intermediates.noindex/PingApp.build/Debug/PingApp.build/Objects-normal/arm64/PingApp.LinkFileList (in target 'PingApp' from project 'PingApp')
    cd /Users/nick/sync/development/pingApp
    write-file /Users/nick/Library/Developer/Xcode/DerivedData/PingApp-aefdhkxdvtwimlfippgngpfiojrg/Build/Intermediates.noindex/PingApp.build/Debug/PingApp.build/Objects-normal/arm64/PingApp.LinkFileList

WriteAuxiliaryFile /Users/nick/Library/Developer/Xcode/DerivedData/PingApp-aefdhkxdvtwimlfippgngpfiojrg/Build/Intermediates.noindex/PingApp.build/Debug/PingApp.build/Objects-normal/arm64/PingApp-OutputFileMap.json (in target 'PingApp' from project 'PingApp')
    cd /Users/nick/sync/development/pingApp
    write-file /Users/nick/Library/Developer/Xcode/DerivedData/PingApp-aefdhkxdvtwimlfippgngpfiojrg/Build/Intermediates.noindex/PingApp.build/Debug/PingApp.build/Objects-normal/arm64/PingApp-OutputFileMap.json

WriteAuxiliaryFile /Users/nick/Library/Developer/Xcode/DerivedData/PingApp-aefdhkxdvtwimlfippgngpfiojrg/Build/Intermediates.noindex/PingApp.build/Debug/PingApp.build/DerivedSources/Entitlements.plist (in target 'PingApp' from project 'PingApp')
    cd /Users/nick/sync/development/pingApp
    write-file /Users/nick/Library/Developer/Xcode/DerivedData/PingApp-aefdhkxdvtwimlfippgngpfiojrg/Build/Intermediates.noindex/PingApp.build/Debug/PingApp.build/DerivedSources/Entitlements.plist

WriteAuxiliaryFile /Users/nick/Library/Developer/Xcode/DerivedData/PingApp-aefdhkxdvtwimlfippgngpfiojrg/Build/Intermediates.noindex/ICMPPing.build/Debug/ICMPPing.build/Objects-normal/arm64/ICMPPing_const_extract_protocols.json (in target 'ICMPPing' from project 'ICMPPing')
    cd /Users/nick/Library/Developer/Xcode/DerivedData/PingApp-aefdhkxdvtwimlfippgngpfiojrg/SourcePackages/checkouts/ICMPPing
    write-file /Users/nick/Library/Developer/Xcode/DerivedData/PingApp-aefdhkxdvtwimlfippgngpfiojrg/Build/Intermediates.noindex/ICMPPing.build/Debug/ICMPPing.build/Objects-normal/arm64/ICMPPing_const_extract_protocols.json

WriteAuxiliaryFile /Users/nick/Library/Developer/Xcode/DerivedData/PingApp-aefdhkxdvtwimlfippgngpfiojrg/Build/Intermediates.noindex/ICMPPing.build/Debug/ICMPPing.build/Objects-normal/arm64/ICMPPing.SwiftFileList (in target 'ICMPPing' from project 'ICMPPing')
    cd /Users/nick/Library/Developer/Xcode/DerivedData/PingApp-aefdhkxdvtwimlfippgngpfiojrg/SourcePackages/checkouts/ICMPPing
    write-file /Users/nick/Library/Developer/Xcode/DerivedData/PingApp-aefdhkxdvtwimlfippgngpfiojrg/Build/Intermediates.noindex/ICMPPing.build/Debug/ICMPPing.build/Objects-normal/arm64/ICMPPing.SwiftFileList

WriteAuxiliaryFile /Users/nick/Library/Developer/Xcode/DerivedData/PingApp-aefdhkxdvtwimlfippgngpfiojrg/Build/Intermediates.noindex/ICMPPing.build/Debug/ICMPPing.build/Objects-normal/arm64/ICMPPing.SwiftConstValuesFileList (in target 'ICMPPing' from project 'ICMPPing')
    cd /Users/nick/Library/Developer/Xcode/DerivedData/PingApp-aefdhkxdvtwimlfippgngpfiojrg/SourcePackages/checkouts/ICMPPing
    write-file /Users/nick/Library/Developer/Xcode/DerivedData/PingApp-aefdhkxdvtwimlfippgngpfiojrg/Build/Intermediates.noindex/ICMPPing.build/Debug/ICMPPing.build/Objects-normal/arm64/ICMPPing.SwiftConstValuesFileList

WriteAuxiliaryFile /Users/nick/Library/Developer/Xcode/DerivedData/PingApp-aefdhkxdvtwimlfippgngpfiojrg/Build/Intermediates.noindex/ICMPPing.build/Debug/ICMPPing.build/Objects-normal/arm64/ICMPPing.LinkFileList (in target 'ICMPPing' from project 'ICMPPing')
    cd /Users/nick/Library/Developer/Xcode/DerivedData/PingApp-aefdhkxdvtwimlfippgngpfiojrg/SourcePackages/checkouts/ICMPPing
    write-file /Users/nick/Library/Developer/Xcode/DerivedData/PingApp-aefdhkxdvtwimlfippgngpfiojrg/Build/Intermediates.noindex/ICMPPing.build/Debug/ICMPPing.build/Objects-normal/arm64/ICMPPing.LinkFileList

WriteAuxiliaryFile /Users/nick/Library/Developer/Xcode/DerivedData/PingApp-aefdhkxdvtwimlfippgngpfiojrg/Build/Intermediates.noindex/ICMPPing.build/Debug/ICMPPing.build/Objects-normal/arm64/ICMPPing-OutputFileMap.json (in target 'ICMPPing' from project 'ICMPPing')
    cd /Users/nick/Library/Developer/Xcode/DerivedData/PingApp-aefdhkxdvtwimlfippgngpfiojrg/SourcePackages/checkouts/ICMPPing
    write-file /Users/nick/Library/Developer/Xcode/DerivedData/PingApp-aefdhkxdvtwimlfippgngpfiojrg/Build/Intermediates.noindex/ICMPPing.build/Debug/ICMPPing.build/Objects-normal/arm64/ICMPPing-OutputFileMap.json

WriteAuxiliaryFile /Users/nick/Library/Developer/Xcode/DerivedData/PingApp-aefdhkxdvtwimlfippgngpfiojrg/Build/Intermediates.noindex/ICMPPing.build/Debug/ICMPPing.build/ICMPPing.modulemap (in target 'ICMPPing' from project 'ICMPPing')
    cd /Users/nick/Library/Developer/Xcode/DerivedData/PingApp-aefdhkxdvtwimlfippgngpfiojrg/SourcePackages/checkouts/ICMPPing
    write-file /Users/nick/Library/Developer/Xcode/DerivedData/PingApp-aefdhkxdvtwimlfippgngpfiojrg/Build/Intermediates.noindex/ICMPPing.build/Debug/ICMPPing.build/ICMPPing.modulemap

WriteAuxiliaryFile /Users/nick/Library/Developer/Xcode/DerivedData/PingApp-aefdhkxdvtwimlfippgngpfiojrg/Build/Intermediates.noindex/ICMPPing.build/Debug/ICMPPing.build/ICMPPing.DependencyStaticMetadataFileList (in target 'ICMPPing' from project 'ICMPPing')
    cd /Users/nick/Library/Developer/Xcode/DerivedData/PingApp-aefdhkxdvtwimlfippgngpfiojrg/SourcePackages/checkouts/ICMPPing
    write-file /Users/nick/Library/Developer/Xcode/DerivedData/PingApp-aefdhkxdvtwimlfippgngpfiojrg/Build/Intermediates.noindex/ICMPPing.build/Debug/ICMPPing.build/ICMPPing.DependencyStaticMetadataFileList

WriteAuxiliaryFile /Users/nick/Library/Developer/Xcode/DerivedData/PingApp-aefdhkxdvtwimlfippgngpfiojrg/Build/Intermediates.noindex/ICMPPing.build/Debug/ICMPPing.build/ICMPPing.DependencyMetadataFileList (in target 'ICMPPing' from project 'ICMPPing')
    cd /Users/nick/Library/Developer/Xcode/DerivedData/PingApp-aefdhkxdvtwimlfippgngpfiojrg/SourcePackages/checkouts/ICMPPing
    write-file /Users/nick/Library/Developer/Xcode/DerivedData/PingApp-aefdhkxdvtwimlfippgngpfiojrg/Build/Intermediates.noindex/ICMPPing.build/Debug/ICMPPing.build/ICMPPing.DependencyMetadataFileList

WriteAuxiliaryFile /Users/nick/Library/Developer/Xcode/DerivedData/PingApp-aefdhkxdvtwimlfippgngpfiojrg/Build/Intermediates.noindex/ICMPPing.build/Debug/ICMPLib.build/Objects-normal/arm64/ICMPLib.LinkFileList (in target 'ICMPLib' from project 'ICMPPing')
    cd /Users/nick/Library/Developer/Xcode/DerivedData/PingApp-aefdhkxdvtwimlfippgngpfiojrg/SourcePackages/checkouts/ICMPPing
    write-file /Users/nick/Library/Developer/Xcode/DerivedData/PingApp-aefdhkxdvtwimlfippgngpfiojrg/Build/Intermediates.noindex/ICMPPing.build/Debug/ICMPLib.build/Objects-normal/arm64/ICMPLib.LinkFileList

WriteAuxiliaryFile /Users/nick/Library/Developer/Xcode/DerivedData/PingApp-aefdhkxdvtwimlfippgngpfiojrg/Build/Intermediates.noindex/ICMPPing.build/Debug/ICMPLib.build/Objects-normal/arm64/82b82416624d2658e5098eb0a28c15c5-common-args.resp (in target 'ICMPLib' from project 'ICMPPing')
    cd /Users/nick/Library/Developer/Xcode/DerivedData/PingApp-aefdhkxdvtwimlfippgngpfiojrg/SourcePackages/checkouts/ICMPPing
    write-file /Users/nick/Library/Developer/Xcode/DerivedData/PingApp-aefdhkxdvtwimlfippgngpfiojrg/Build/Intermediates.noindex/ICMPPing.build/Debug/ICMPLib.build/Objects-normal/arm64/82b82416624d2658e5098eb0a28c15c5-common-args.resp
-target arm64-apple-macos11.0 '-std=c++14' -fmodules -fno-cxx-modules -gmodules '-fmodules-cache-path=/Users/nick/Library/Developer/Xcode/DerivedData/ModuleCache.noindex' '-fmodule-name=ICMPLib' '-D_LIBCPP_HARDENING_MODE=_LIBCPP_HARDENING_MODE_DEBUG' -fpascal-strings -O0 -DSWIFT_PACKAGE '-DDEBUG=1' -isysroot /Applications/Xcode.app/Contents/Developer/Platforms/MacOSX.platform/Developer/SDKs/MacOSX26.1.sdk -g -fvisibility-inlines-hidden -I/Users/nick/Library/Developer/Xcode/DerivedData/PingApp-aefdhkxdvtwimlfippgngpfiojrg/Build/Products/Debug/include -I/Users/nick/Library/Developer/Xcode/DerivedData/PingApp-aefdhkxdvtwimlfippgngpfiojrg/SourcePackages/checkouts/ICMPPing/Sources/ICMPLib/include -I/Users/nick/Library/Developer/Xcode/DerivedData/PingApp-aefdhkxdvtwimlfippgngpfiojrg/Build/Intermediates.noindex/ICMPPing.build/Debug/ICMPLib.build/DerivedSources-normal/arm64 -I/Users/nick/Library/Developer/Xcode/DerivedData/PingApp-aefdhkxdvtwimlfippgngpfiojrg/Build/Intermediates.noindex/ICMPPing.build/Debug/ICMPLib.build/DerivedSources/arm64 -I/Users/nick/Library/Developer/Xcode/DerivedData/PingApp-aefdhkxdvtwimlfippgngpfiojrg/Build/Intermediates.noindex/ICMPPing.build/Debug/ICMPLib.build/DerivedSources -F/Users/nick/Library/Developer/Xcode/DerivedData/PingApp-aefdhkxdvtwimlfippgngpfiojrg/Build/Products/Debug -iframework /Applications/Xcode.app/Contents/Developer/Platforms/MacOSX.platform/Developer/Library/Frameworks -DXcode

WriteAuxiliaryFile /Users/nick/Library/Developer/Xcode/DerivedData/PingApp-aefdhkxdvtwimlfippgngpfiojrg/Build/Intermediates.noindex/ICMPPing.build/Debug/ICMPLib.build/ICMPLib.DependencyStaticMetadataFileList (in target 'ICMPLib' from project 'ICMPPing')
    cd /Users/nick/Library/Developer/Xcode/DerivedData/PingApp-aefdhkxdvtwimlfippgngpfiojrg/SourcePackages/checkouts/ICMPPing
    write-file /Users/nick/Library/Developer/Xcode/DerivedData/PingApp-aefdhkxdvtwimlfippgngpfiojrg/Build/Intermediates.noindex/ICMPPing.build/Debug/ICMPLib.build/ICMPLib.DependencyStaticMetadataFileList

WriteAuxiliaryFile /Users/nick/Library/Developer/Xcode/DerivedData/PingApp-aefdhkxdvtwimlfippgngpfiojrg/Build/Intermediates.noindex/ICMPPing.build/Debug/ICMPLib.build/ICMPLib.DependencyMetadataFileList (in target 'ICMPLib' from project 'ICMPPing')
    cd /Users/nick/Library/Developer/Xcode/DerivedData/PingApp-aefdhkxdvtwimlfippgngpfiojrg/SourcePackages/checkouts/ICMPPing
    write-file /Users/nick/Library/Developer/Xcode/DerivedData/PingApp-aefdhkxdvtwimlfippgngpfiojrg/Build/Intermediates.noindex/ICMPPing.build/Debug/ICMPLib.build/ICMPLib.DependencyMetadataFileList

Copy /Users/nick/Library/Developer/Xcode/DerivedData/PingApp-aefdhkxdvtwimlfippgngpfiojrg/Build/Intermediates.noindex/GeneratedModuleMaps/ICMPLib.modulemap /Users/nick/Library/Developer/Xcode/DerivedData/PingApp-aefdhkxdvtwimlfippgngpfiojrg/Build/Intermediates.noindex/ICMPPing.build/Debug/ICMPLib.build/ICMPLib.modulemap (in target 'ICMPLib' from project 'ICMPPing')
    cd /Users/nick/Library/Developer/Xcode/DerivedData/PingApp-aefdhkxdvtwimlfippgngpfiojrg/SourcePackages/checkouts/ICMPPing
    builtin-copy -exclude .DS_Store -exclude CVS -exclude .svn -exclude .git -exclude .hg -resolve-src-symlinks /Users/nick/Library/Developer/Xcode/DerivedData/PingApp-aefdhkxdvtwimlfippgngpfiojrg/Build/Intermediates.noindex/ICMPPing.build/Debug/ICMPLib.build/ICMPLib.modulemap /Users/nick/Library/Developer/Xcode/DerivedData/PingApp-aefdhkxdvtwimlfippgngpfiojrg/Build/Intermediates.noindex/GeneratedModuleMaps

MkDir /Users/nick/Library/Developer/Xcode/DerivedData/PingApp-aefdhkxdvtwimlfippgngpfiojrg/Build/Products/Debug/PingApp.app/Contents/Resources (in target 'PingApp' from project 'PingApp')
    cd /Users/nick/sync/development/pingApp
    /bin/mkdir -p /Users/nick/Library/Developer/Xcode/DerivedData/PingApp-aefdhkxdvtwimlfippgngpfiojrg/Build/Products/Debug/PingApp.app/Contents/Resources

Copy /Users/nick/Library/Developer/Xcode/DerivedData/PingApp-aefdhkxdvtwimlfippgngpfiojrg/Build/Intermediates.noindex/GeneratedModuleMaps/ICMPPing.modulemap /Users/nick/Library/Developer/Xcode/DerivedData/PingApp-aefdhkxdvtwimlfippgngpfiojrg/Build/Intermediates.noindex/ICMPPing.build/Debug/ICMPPing.build/ICMPPing.modulemap (in target 'ICMPPing' from project 'ICMPPing')
    cd /Users/nick/Library/Developer/Xcode/DerivedData/PingApp-aefdhkxdvtwimlfippgngpfiojrg/SourcePackages/checkouts/ICMPPing
    builtin-copy -exclude .DS_Store -exclude CVS -exclude .svn -exclude .git -exclude .hg -resolve-src-symlinks /Users/nick/Library/Developer/Xcode/DerivedData/PingApp-aefdhkxdvtwimlfippgngpfiojrg/Build/Intermediates.noindex/ICMPPing.build/Debug/ICMPPing.build/ICMPPing.modulemap /Users/nick/Library/Developer/Xcode/DerivedData/PingApp-aefdhkxdvtwimlfippgngpfiojrg/Build/Intermediates.noindex/GeneratedModuleMaps

MkDir /Users/nick/Library/Developer/Xcode/DerivedData/PingApp-aefdhkxdvtwimlfippgngpfiojrg/Build/Products/Debug/PingApp.app/Contents/MacOS (in target 'PingApp' from project 'PingApp')
    cd /Users/nick/sync/development/pingApp
    /bin/mkdir -p /Users/nick/Library/Developer/Xcode/DerivedData/PingApp-aefdhkxdvtwimlfippgngpfiojrg/Build/Products/Debug/PingApp.app/Contents/MacOS

MkDir /Users/nick/Library/Developer/Xcode/DerivedData/PingApp-aefdhkxdvtwimlfippgngpfiojrg/Build/Products/Debug/PingApp.app/Contents (in target 'PingApp' from project 'PingApp')
    cd /Users/nick/sync/development/pingApp
    /bin/mkdir -p /Users/nick/Library/Developer/Xcode/DerivedData/PingApp-aefdhkxdvtwimlfippgngpfiojrg/Build/Products/Debug/PingApp.app/Contents

MkDir /Users/nick/Library/Developer/Xcode/DerivedData/PingApp-aefdhkxdvtwimlfippgngpfiojrg/Build/Products/Debug/PingApp.app (in target 'PingApp' from project 'PingApp')
    cd /Users/nick/sync/development/pingApp
    /bin/mkdir -p /Users/nick/Library/Developer/Xcode/DerivedData/PingApp-aefdhkxdvtwimlfippgngpfiojrg/Build/Products/Debug/PingApp.app

SwiftDriver ICMPPing normal arm64 com.apple.xcode.tools.swift.compiler (in target 'ICMPPing' from project 'ICMPPing')
    cd /Users/nick/sync/development/pingApp/PingApp.xcodeproj
    builtin-SwiftDriver -- /Applications/Xcode.app/Contents/Developer/Toolchains/XcodeDefault.xctoolchain/usr/bin/swiftc -module-name ICMPPing -Onone -enforce-exclusivity\=checked @/Users/nick/Library/Developer/Xcode/DerivedData/PingApp-aefdhkxdvtwimlfippgngpfiojrg/Build/Intermediates.noindex/ICMPPing.build/Debug/ICMPPing.build/Objects-normal/arm64/ICMPPing.SwiftFileList -DSWIFT_PACKAGE -DDEBUG -DSWIFT_MODULE_RESOURCE_BUNDLE_UNAVAILABLE -Xcc -fmodule-map-file\=/Users/nick/Library/Developer/Xcode/DerivedData/PingApp-aefdhkxdvtwimlfippgngpfiojrg/Build/Intermediates.noindex/GeneratedModuleMaps/ICMPLib.modulemap -DXcode -plugin-path /Applications/Xcode.app/Contents/Developer/Toolchains/XcodeDefault.xctoolchain/usr/lib/swift/host/plugins/testing -enable-experimental-feature DebugDescriptionMacro -sdk /Applications/Xcode.app/Contents/Developer/Platforms/MacOSX.platform/Developer/SDKs/MacOSX26.1.sdk -target arm64-apple-macos11.0 -g -module-cache-path /Users/nick/Library/Developer/Xcode/DerivedData/ModuleCache.noindex -Xfrontend -serialize-debugging-options -enable-testing -suppress-warnings -index-store-path /Users/nick/Library/Developer/Xcode/DerivedData/PingApp-aefdhkxdvtwimlfippgngpfiojrg/Index.noindex/DataStore -Xcc -D_LIBCPP_HARDENING_MODE\=_LIBCPP_HARDENING_MODE_DEBUG -swift-version 5 -I /Users/nick/Library/Developer/Xcode/DerivedData/PingApp-aefdhkxdvtwimlfippgngpfiojrg/Build/Products/Debug -Isystem /Applications/Xcode.app/Contents/Developer/Platforms/MacOSX.platform/Developer/usr/lib -F /Users/nick/Library/Developer/Xcode/DerivedData/PingApp-aefdhkxdvtwimlfippgngpfiojrg/Build/Products/Debug/PackageFrameworks -F /Users/nick/Library/Developer/Xcode/DerivedData/PingApp-aefdhkxdvtwimlfippgngpfiojrg/Build/Products/Debug -F /Applications/Xcode.app/Contents/Developer/Platforms/MacOSX.platform/Developer/Library/Frameworks -c -j10 -enable-batch-mode -incremental -Xcc -ivfsstatcache -Xcc /Users/nick/Library/Developer/Xcode/DerivedData/SDKStatCaches.noindex/macosx26.1-25B74-3ae1261907bdadc328169391a47051a6.sdkstatcache -output-file-map /Users/nick/Library/Developer/Xcode/DerivedData/PingApp-aefdhkxdvtwimlfippgngpfiojrg/Build/Intermediates.noindex/ICMPPing.build/Debug/ICMPPing.build/Objects-normal/arm64/ICMPPing-OutputFileMap.json -use-frontend-parseable-output -save-temps -no-color-diagnostics -explicit-module-build -module-cache-path /Users/nick/Library/Developer/Xcode/DerivedData/PingApp-aefdhkxdvtwimlfippgngpfiojrg/Build/Intermediates.noindex/SwiftExplicitPrecompiledModules -clang-scanner-module-cache-path /Users/nick/Library/Developer/Xcode/DerivedData/ModuleCache.noindex -sdk-module-cache-path /Users/nick/Library/Developer/Xcode/DerivedData/ModuleCache.noindex -serialize-diagnostics -emit-dependencies -emit-module -emit-module-path /Users/nick/Library/Developer/Xcode/DerivedData/PingApp-aefdhkxdvtwimlfippgngpfiojrg/Build/Intermediates.noindex/ICMPPing.build/Debug/ICMPPing.build/Objects-normal/arm64/ICMPPing.swiftmodule -validate-clang-modules-once -clang-build-session-file /Users/nick/Library/Developer/Xcode/DerivedData/ModuleCache.noindex/Session.modulevalidation -Xcc -I/Users/nick/Library/Developer/Xcode/DerivedData/PingApp-aefdhkxdvtwimlfippgngpfiojrg/Build/Intermediates.noindex/ICMPPing.build/Debug/ICMPPing.build/swift-overrides.hmap -emit-const-values -Xfrontend -const-gather-protocols-file -Xfrontend /Users/nick/Library/Developer/Xcode/DerivedData/PingApp-aefdhkxdvtwimlfippgngpfiojrg/Build/Intermediates.noindex/ICMPPing.build/Debug/ICMPPing.build/Objects-normal/arm64/ICMPPing_const_extract_protocols.json -Xcc -I/Users/nick/Library/Developer/Xcode/DerivedData/PingApp-aefdhkxdvtwimlfippgngpfiojrg/SourcePackages/checkouts/ICMPPing/Sources/ICMPLib/include -Xcc -I/Users/nick/Library/Developer/Xcode/DerivedData/PingApp-aefdhkxdvtwimlfippgngpfiojrg/Build/Products/Debug/include -Xcc -I/Users/nick/Library/Developer/Xcode/DerivedData/PingApp-aefdhkxdvtwimlfippgngpfiojrg/Build/Intermediates.noindex/ICMPPing.build/Debug/ICMPPing.build/DerivedSources-normal/arm64 -Xcc -I/Users/nick/Library/Developer/Xcode/DerivedData/PingApp-aefdhkxdvtwimlfippgngpfiojrg/Build/Intermediates.noindex/ICMPPing.build/Debug/ICMPPing.build/DerivedSources/arm64 -Xcc -I/Users/nick/Library/Developer/Xcode/DerivedData/PingApp-aefdhkxdvtwimlfippgngpfiojrg/Build/Intermediates.noindex/ICMPPing.build/Debug/ICMPPing.build/DerivedSources -Xcc -DSWIFT_PACKAGE -Xcc -DDEBUG\=1 -emit-objc-header -emit-objc-header-path /Users/nick/Library/Developer/Xcode/DerivedData/PingApp-aefdhkxdvtwimlfippgngpfiojrg/Build/Intermediates.noindex/ICMPPing.build/Debug/ICMPPing.build/Objects-normal/arm64/ICMPPing-Swift.h -working-directory /Users/nick/sync/development/pingApp/PingApp.xcodeproj -experimental-emit-module-separately -disable-cmo

CompileC /Users/nick/Library/Developer/Xcode/DerivedData/PingApp-aefdhkxdvtwimlfippgngpfiojrg/Build/Intermediates.noindex/ICMPPing.build/Debug/ICMPLib.build/Objects-normal/arm64/IPAddress.o /Users/nick/Library/Developer/Xcode/DerivedData/PingApp-aefdhkxdvtwimlfippgngpfiojrg/SourcePackages/checkouts/ICMPPing/Sources/ICMPLib/Sources/IPAddress.cpp normal arm64 c++ com.apple.compilers.llvm.clang.1_0.compiler (in target 'ICMPLib' from project 'ICMPPing')
    cd /Users/nick/sync/development/pingApp/PingApp.xcodeproj
    
    Using response file: /Users/nick/Library/Developer/Xcode/DerivedData/PingApp-aefdhkxdvtwimlfippgngpfiojrg/Build/Intermediates.noindex/ICMPPing.build/Debug/ICMPLib.build/Objects-normal/arm64/82b82416624d2658e5098eb0a28c15c5-common-args.resp
    
    /Applications/Xcode.app/Contents/Developer/Toolchains/XcodeDefault.xctoolchain/usr/bin/clang -x c++ -ivfsstatcache /Users/nick/Library/Developer/Xcode/DerivedData/SDKStatCaches.noindex/macosx26.1-25B74-3ae1261907bdadc328169391a47051a6.sdkstatcache -fmessage-length\=0 -fdiagnostics-show-note-include-stack -fmacro-backtrace-limit\=0 -fno-color-diagnostics -fmodules-prune-interval\=86400 -fmodules-prune-after\=345600 -fbuild-session-file\=/Users/nick/Library/Developer/Xcode/DerivedData/ModuleCache.noindex/Session.modulevalidation -fmodules-validate-once-per-build-session -Wnon-modular-include-in-framework-module -Werror\=non-modular-include-in-framework-module -Wno-trigraphs -Wno-missing-field-initializers -Wno-missing-prototypes -Wno-return-type -Wno-non-virtual-dtor -Wno-overloaded-virtual -Wno-exit-time-destructors -Wno-missing-braces -Wparentheses -Wswitch -Wno-unused-function -Wno-unused-label -Wno-unused-parameter -Wno-unused-variable -Wunused-value -Wno-empty-body -Wno-uninitialized -Wno-unknown-pragmas -w -Wno-shadow -Wno-four-char-constants -Wno-conversion -Wno-constant-conversion -Wno-int-conversion -Wno-bool-conversion -Wno-enum-conversion -Wno-float-conversion -Wno-non-literal-null-conversion -Wno-objc-literal-conversion -Wshorten-64-to-32 -Wno-newline-eof -Wno-c++11-extensions -Wno-implicit-fallthrough -fstrict-aliasing -Wdeprecated-declarations -Winvalid-offsetof -Wno-sign-conversion -Wno-infinite-recursion -Wno-move -Wno-comma -Wno-block-capture-autoreleasing -Wno-strict-prototypes -Wno-range-loop-analysis -Wno-semicolon-before-method-body -index-store-path /Users/nick/Library/Developer/Xcode/DerivedData/PingApp-aefdhkxdvtwimlfippgngpfiojrg/Index.noindex/DataStore @/Users/nick/Library/Developer/Xcode/DerivedData/PingApp-aefdhkxdvtwimlfippgngpfiojrg/Build/Intermediates.noindex/ICMPPing.build/Debug/ICMPLib.build/Objects-normal/arm64/82b82416624d2658e5098eb0a28c15c5-common-args.resp -MMD -MT dependencies -MF /Users/nick/Library/Developer/Xcode/DerivedData/PingApp-aefdhkxdvtwimlfippgngpfiojrg/Build/Intermediates.noindex/ICMPPing.build/Debug/ICMPLib.build/Objects-normal/arm64/IPAddress.d --serialize-diagnostics /Users/nick/Library/Developer/Xcode/DerivedData/PingApp-aefdhkxdvtwimlfippgngpfiojrg/Build/Intermediates.noindex/ICMPPing.build/Debug/ICMPLib.build/Objects-normal/arm64/IPAddress.dia -c /Users/nick/Library/Developer/Xcode/DerivedData/PingApp-aefdhkxdvtwimlfippgngpfiojrg/SourcePackages/checkouts/ICMPPing/Sources/ICMPLib/Sources/IPAddress.cpp -o /Users/nick/Library/Developer/Xcode/DerivedData/PingApp-aefdhkxdvtwimlfippgngpfiojrg/Build/Intermediates.noindex/ICMPPing.build/Debug/ICMPLib.build/Objects-normal/arm64/IPAddress.o -index-unit-output-path /ICMPPing.build/Debug/ICMPLib.build/Objects-normal/arm64/IPAddress.o

CompileC /Users/nick/Library/Developer/Xcode/DerivedData/PingApp-aefdhkxdvtwimlfippgngpfiojrg/Build/Intermediates.noindex/ICMPPing.build/Debug/ICMPLib.build/Objects-normal/arm64/Ping.o /Users/nick/Library/Developer/Xcode/DerivedData/PingApp-aefdhkxdvtwimlfippgngpfiojrg/SourcePackages/checkouts/ICMPPing/Sources/ICMPLib/Sources/Ping.cpp normal arm64 c++ com.apple.compilers.llvm.clang.1_0.compiler (in target 'ICMPLib' from project 'ICMPPing')
    cd /Users/nick/sync/development/pingApp/PingApp.xcodeproj
    
    Using response file: /Users/nick/Library/Developer/Xcode/DerivedData/PingApp-aefdhkxdvtwimlfippgngpfiojrg/Build/Intermediates.noindex/ICMPPing.build/Debug/ICMPLib.build/Objects-normal/arm64/82b82416624d2658e5098eb0a28c15c5-common-args.resp
    
    /Applications/Xcode.app/Contents/Developer/Toolchains/XcodeDefault.xctoolchain/usr/bin/clang -x c++ -ivfsstatcache /Users/nick/Library/Developer/Xcode/DerivedData/SDKStatCaches.noindex/macosx26.1-25B74-3ae1261907bdadc328169391a47051a6.sdkstatcache -fmessage-length\=0 -fdiagnostics-show-note-include-stack -fmacro-backtrace-limit\=0 -fno-color-diagnostics -fmodules-prune-interval\=86400 -fmodules-prune-after\=345600 -fbuild-session-file\=/Users/nick/Library/Developer/Xcode/DerivedData/ModuleCache.noindex/Session.modulevalidation -fmodules-validate-once-per-build-session -Wnon-modular-include-in-framework-module -Werror\=non-modular-include-in-framework-module -Wno-trigraphs -Wno-missing-field-initializers -Wno-missing-prototypes -Wno-return-type -Wno-non-virtual-dtor -Wno-overloaded-virtual -Wno-exit-time-destructors -Wno-missing-braces -Wparentheses -Wswitch -Wno-unused-function -Wno-unused-label -Wno-unused-parameter -Wno-unused-variable -Wunused-value -Wno-empty-body -Wno-uninitialized -Wno-unknown-pragmas -w -Wno-shadow -Wno-four-char-constants -Wno-conversion -Wno-constant-conversion -Wno-int-conversion -Wno-bool-conversion -Wno-enum-conversion -Wno-float-conversion -Wno-non-literal-null-conversion -Wno-objc-literal-conversion -Wshorten-64-to-32 -Wno-newline-eof -Wno-c++11-extensions -Wno-implicit-fallthrough -fstrict-aliasing -Wdeprecated-declarations -Winvalid-offsetof -Wno-sign-conversion -Wno-infinite-recursion -Wno-move -Wno-comma -Wno-block-capture-autoreleasing -Wno-strict-prototypes -Wno-range-loop-analysis -Wno-semicolon-before-method-body -index-store-path /Users/nick/Library/Developer/Xcode/DerivedData/PingApp-aefdhkxdvtwimlfippgngpfiojrg/Index.noindex/DataStore @/Users/nick/Library/Developer/Xcode/DerivedData/PingApp-aefdhkxdvtwimlfippgngpfiojrg/Build/Intermediates.noindex/ICMPPing.build/Debug/ICMPLib.build/Objects-normal/arm64/82b82416624d2658e5098eb0a28c15c5-common-args.resp -MMD -MT dependencies -MF /Users/nick/Library/Developer/Xcode/DerivedData/PingApp-aefdhkxdvtwimlfippgngpfiojrg/Build/Intermediates.noindex/ICMPPing.build/Debug/ICMPLib.build/Objects-normal/arm64/Ping.d --serialize-diagnostics /Users/nick/Library/Developer/Xcode/DerivedData/PingApp-aefdhkxdvtwimlfippgngpfiojrg/Build/Intermediates.noindex/ICMPPing.build/Debug/ICMPLib.build/Objects-normal/arm64/Ping.dia -c /Users/nick/Library/Developer/Xcode/DerivedData/PingApp-aefdhkxdvtwimlfippgngpfiojrg/SourcePackages/checkouts/ICMPPing/Sources/ICMPLib/Sources/Ping.cpp -o /Users/nick/Library/Developer/Xcode/DerivedData/PingApp-aefdhkxdvtwimlfippgngpfiojrg/Build/Intermediates.noindex/ICMPPing.build/Debug/ICMPLib.build/Objects-normal/arm64/Ping.o -index-unit-output-path /ICMPPing.build/Debug/ICMPLib.build/Objects-normal/arm64/Ping.o

CompileC /Users/nick/Library/Developer/Xcode/DerivedData/PingApp-aefdhkxdvtwimlfippgngpfiojrg/Build/Intermediates.noindex/ICMPPing.build/Debug/ICMPLib.build/Objects-normal/arm64/Conversion.o /Users/nick/Library/Developer/Xcode/DerivedData/PingApp-aefdhkxdvtwimlfippgngpfiojrg/SourcePackages/checkouts/ICMPPing/Sources/ICMPLib/Sources/Conversion.cpp normal arm64 c++ com.apple.compilers.llvm.clang.1_0.compiler (in target 'ICMPLib' from project 'ICMPPing')
    cd /Users/nick/sync/development/pingApp/PingApp.xcodeproj
    
    Using response file: /Users/nick/Library/Developer/Xcode/DerivedData/PingApp-aefdhkxdvtwimlfippgngpfiojrg/Build/Intermediates.noindex/ICMPPing.build/Debug/ICMPLib.build/Objects-normal/arm64/82b82416624d2658e5098eb0a28c15c5-common-args.resp
    
    /Applications/Xcode.app/Contents/Developer/Toolchains/XcodeDefault.xctoolchain/usr/bin/clang -x c++ -ivfsstatcache /Users/nick/Library/Developer/Xcode/DerivedData/SDKStatCaches.noindex/macosx26.1-25B74-3ae1261907bdadc328169391a47051a6.sdkstatcache -fmessage-length\=0 -fdiagnostics-show-note-include-stack -fmacro-backtrace-limit\=0 -fno-color-diagnostics -fmodules-prune-interval\=86400 -fmodules-prune-after\=345600 -fbuild-session-file\=/Users/nick/Library/Developer/Xcode/DerivedData/ModuleCache.noindex/Session.modulevalidation -fmodules-validate-once-per-build-session -Wnon-modular-include-in-framework-module -Werror\=non-modular-include-in-framework-module -Wno-trigraphs -Wno-missing-field-initializers -Wno-missing-prototypes -Wno-return-type -Wno-non-virtual-dtor -Wno-overloaded-virtual -Wno-exit-time-destructors -Wno-missing-braces -Wparentheses -Wswitch -Wno-unused-function -Wno-unused-label -Wno-unused-parameter -Wno-unused-variable -Wunused-value -Wno-empty-body -Wno-uninitialized -Wno-unknown-pragmas -w -Wno-shadow -Wno-four-char-constants -Wno-conversion -Wno-constant-conversion -Wno-int-conversion -Wno-bool-conversion -Wno-enum-conversion -Wno-float-conversion -Wno-non-literal-null-conversion -Wno-objc-literal-conversion -Wshorten-64-to-32 -Wno-newline-eof -Wno-c++11-extensions -Wno-implicit-fallthrough -fstrict-aliasing -Wdeprecated-declarations -Winvalid-offsetof -Wno-sign-conversion -Wno-infinite-recursion -Wno-move -Wno-comma -Wno-block-capture-autoreleasing -Wno-strict-prototypes -Wno-range-loop-analysis -Wno-semicolon-before-method-body -index-store-path /Users/nick/Library/Developer/Xcode/DerivedData/PingApp-aefdhkxdvtwimlfippgngpfiojrg/Index.noindex/DataStore @/Users/nick/Library/Developer/Xcode/DerivedData/PingApp-aefdhkxdvtwimlfippgngpfiojrg/Build/Intermediates.noindex/ICMPPing.build/Debug/ICMPLib.build/Objects-normal/arm64/82b82416624d2658e5098eb0a28c15c5-common-args.resp -MMD -MT dependencies -MF /Users/nick/Library/Developer/Xcode/DerivedData/PingApp-aefdhkxdvtwimlfippgngpfiojrg/Build/Intermediates.noindex/ICMPPing.build/Debug/ICMPLib.build/Objects-normal/arm64/Conversion.d --serialize-diagnostics /Users/nick/Library/Developer/Xcode/DerivedData/PingApp-aefdhkxdvtwimlfippgngpfiojrg/Build/Intermediates.noindex/ICMPPing.build/Debug/ICMPLib.build/Objects-normal/arm64/Conversion.dia -c /Users/nick/Library/Developer/Xcode/DerivedData/PingApp-aefdhkxdvtwimlfippgngpfiojrg/SourcePackages/checkouts/ICMPPing/Sources/ICMPLib/Sources/Conversion.cpp -o /Users/nick/Library/Developer/Xcode/DerivedData/PingApp-aefdhkxdvtwimlfippgngpfiojrg/Build/Intermediates.noindex/ICMPPing.build/Debug/ICMPLib.build/Objects-normal/arm64/Conversion.o -index-unit-output-path /ICMPPing.build/Debug/ICMPLib.build/Objects-normal/arm64/Conversion.o

SwiftExplicitDependencyGeneratePcm arm64 /Users/nick/Library/Developer/Xcode/DerivedData/PingApp-aefdhkxdvtwimlfippgngpfiojrg/Build/Intermediates.noindex/SwiftExplicitPrecompiledModules/ICMPLib-2764E7SMBYN1ZNH1M8RSEL7A2.pcm

SwiftEmitModule normal arm64 Emitting\ module\ for\ ICMPPing (in target 'ICMPPing' from project 'ICMPPing')

EmitSwiftModule normal arm64 (in target 'ICMPPing' from project 'ICMPPing')
    cd /Users/nick/sync/development/pingApp/PingApp.xcodeproj
    

SwiftCompile normal arm64 Compiling\ IPAddress.swift /Users/nick/Library/Developer/Xcode/DerivedData/PingApp-aefdhkxdvtwimlfippgngpfiojrg/SourcePackages/checkouts/ICMPPing/Sources/ICMPPing/IPAddress.swift (in target 'ICMPPing' from project 'ICMPPing')

SwiftCompile normal arm64 /Users/nick/Library/Developer/Xcode/DerivedData/PingApp-aefdhkxdvtwimlfippgngpfiojrg/SourcePackages/checkouts/ICMPPing/Sources/ICMPPing/IPAddress.swift (in target 'ICMPPing' from project 'ICMPPing')
    cd /Users/nick/sync/development/pingApp/PingApp.xcodeproj
    

SwiftCompile normal arm64 Compiling\ Extensions.swift /Users/nick/Library/Developer/Xcode/DerivedData/PingApp-aefdhkxdvtwimlfippgngpfiojrg/SourcePackages/checkouts/ICMPPing/Sources/ICMPPing/Extensions.swift (in target 'ICMPPing' from project 'ICMPPing')

SwiftCompile normal arm64 /Users/nick/Library/Developer/Xcode/DerivedData/PingApp-aefdhkxdvtwimlfippgngpfiojrg/SourcePackages/checkouts/ICMPPing/Sources/ICMPPing/Extensions.swift (in target 'ICMPPing' from project 'ICMPPing')
    cd /Users/nick/sync/development/pingApp/PingApp.xcodeproj
    

SwiftCompile normal arm64 Compiling\ ICMPPing.swift /Users/nick/Library/Developer/Xcode/DerivedData/PingApp-aefdhkxdvtwimlfippgngpfiojrg/SourcePackages/checkouts/ICMPPing/Sources/ICMPPing/ICMPPing.swift (in target 'ICMPPing' from project 'ICMPPing')

SwiftCompile normal arm64 /Users/nick/Library/Developer/Xcode/DerivedData/PingApp-aefdhkxdvtwimlfippgngpfiojrg/SourcePackages/checkouts/ICMPPing/Sources/ICMPPing/ICMPPing.swift (in target 'ICMPPing' from project 'ICMPPing')
    cd /Users/nick/sync/development/pingApp/PingApp.xcodeproj
    

SwiftDriverJobDiscovery normal arm64 Compiling Extensions.swift (in target 'ICMPPing' from project 'ICMPPing')

SwiftDriverJobDiscovery normal arm64 Emitting module for ICMPPing (in target 'ICMPPing' from project 'ICMPPing')

SwiftDriver\ Compilation\ Requirements ICMPPing normal arm64 com.apple.xcode.tools.swift.compiler (in target 'ICMPPing' from project 'ICMPPing')
    cd /Users/nick/sync/development/pingApp/PingApp.xcodeproj
    builtin-Swift-Compilation-Requirements -- /Applications/Xcode.app/Contents/Developer/Toolchains/XcodeDefault.xctoolchain/usr/bin/swiftc -module-name ICMPPing -Onone -enforce-exclusivity\=checked @/Users/nick/Library/Developer/Xcode/DerivedData/PingApp-aefdhkxdvtwimlfippgngpfiojrg/Build/Intermediates.noindex/ICMPPing.build/Debug/ICMPPing.build/Objects-normal/arm64/ICMPPing.SwiftFileList -DSWIFT_PACKAGE -DDEBUG -DSWIFT_MODULE_RESOURCE_BUNDLE_UNAVAILABLE -Xcc -fmodule-map-file\=/Users/nick/Library/Developer/Xcode/DerivedData/PingApp-aefdhkxdvtwimlfippgngpfiojrg/Build/Intermediates.noindex/GeneratedModuleMaps/ICMPLib.modulemap -DXcode -plugin-path /Applications/Xcode.app/Contents/Developer/Toolchains/XcodeDefault.xctoolchain/usr/lib/swift/host/plugins/testing -enable-experimental-feature DebugDescriptionMacro -sdk /Applications/Xcode.app/Contents/Developer/Platforms/MacOSX.platform/Developer/SDKs/MacOSX26.1.sdk -target arm64-apple-macos11.0 -g -module-cache-path /Users/nick/Library/Developer/Xcode/DerivedData/ModuleCache.noindex -Xfrontend -serialize-debugging-options -enable-testing -suppress-warnings -index-store-path /Users/nick/Library/Developer/Xcode/DerivedData/PingApp-aefdhkxdvtwimlfippgngpfiojrg/Index.noindex/DataStore -Xcc -D_LIBCPP_HARDENING_MODE\=_LIBCPP_HARDENING_MODE_DEBUG -swift-version 5 -I /Users/nick/Library/Developer/Xcode/DerivedData/PingApp-aefdhkxdvtwimlfippgngpfiojrg/Build/Products/Debug -Isystem /Applications/Xcode.app/Contents/Developer/Platforms/MacOSX.platform/Developer/usr/lib -F /Users/nick/Library/Developer/Xcode/DerivedData/PingApp-aefdhkxdvtwimlfippgngpfiojrg/Build/Products/Debug/PackageFrameworks -F /Users/nick/Library/Developer/Xcode/DerivedData/PingApp-aefdhkxdvtwimlfippgngpfiojrg/Build/Products/Debug -F /Applications/Xcode.app/Contents/Developer/Platforms/MacOSX.platform/Developer/Library/Frameworks -c -j10 -enable-batch-mode -incremental -Xcc -ivfsstatcache -Xcc /Users/nick/Library/Developer/Xcode/DerivedData/SDKStatCaches.noindex/macosx26.1-25B74-3ae1261907bdadc328169391a47051a6.sdkstatcache -output-file-map /Users/nick/Library/Developer/Xcode/DerivedData/PingApp-aefdhkxdvtwimlfippgngpfiojrg/Build/Intermediates.noindex/ICMPPing.build/Debug/ICMPPing.build/Objects-normal/arm64/ICMPPing-OutputFileMap.json -use-frontend-parseable-output -save-temps -no-color-diagnostics -explicit-module-build -module-cache-path /Users/nick/Library/Developer/Xcode/DerivedData/PingApp-aefdhkxdvtwimlfippgngpfiojrg/Build/Intermediates.noindex/SwiftExplicitPrecompiledModules -clang-scanner-module-cache-path /Users/nick/Library/Developer/Xcode/DerivedData/ModuleCache.noindex -sdk-module-cache-path /Users/nick/Library/Developer/Xcode/DerivedData/ModuleCache.noindex -serialize-diagnostics -emit-dependencies -emit-module -emit-module-path /Users/nick/Library/Developer/Xcode/DerivedData/PingApp-aefdhkxdvtwimlfippgngpfiojrg/Build/Intermediates.noindex/ICMPPing.build/Debug/ICMPPing.build/Objects-normal/arm64/ICMPPing.swiftmodule -validate-clang-modules-once -clang-build-session-file /Users/nick/Library/Developer/Xcode/DerivedData/ModuleCache.noindex/Session.modulevalidation -Xcc -I/Users/nick/Library/Developer/Xcode/DerivedData/PingApp-aefdhkxdvtwimlfippgngpfiojrg/Build/Intermediates.noindex/ICMPPing.build/Debug/ICMPPing.build/swift-overrides.hmap -emit-const-values -Xfrontend -const-gather-protocols-file -Xfrontend /Users/nick/Library/Developer/Xcode/DerivedData/PingApp-aefdhkxdvtwimlfippgngpfiojrg/Build/Intermediates.noindex/ICMPPing.build/Debug/ICMPPing.build/Objects-normal/arm64/ICMPPing_const_extract_protocols.json -Xcc -I/Users/nick/Library/Developer/Xcode/DerivedData/PingApp-aefdhkxdvtwimlfippgngpfiojrg/SourcePackages/checkouts/ICMPPing/Sources/ICMPLib/include -Xcc -I/Users/nick/Library/Developer/Xcode/DerivedData/PingApp-aefdhkxdvtwimlfippgngpfiojrg/Build/Products/Debug/include -Xcc -I/Users/nick/Library/Developer/Xcode/DerivedData/PingApp-aefdhkxdvtwimlfippgngpfiojrg/Build/Intermediates.noindex/ICMPPing.build/Debug/ICMPPing.build/DerivedSources-normal/arm64 -Xcc -I/Users/nick/Library/Developer/Xcode/DerivedData/PingApp-aefdhkxdvtwimlfippgngpfiojrg/Build/Intermediates.noindex/ICMPPing.build/Debug/ICMPPing.build/DerivedSources/arm64 -Xcc -I/Users/nick/Library/Developer/Xcode/DerivedData/PingApp-aefdhkxdvtwimlfippgngpfiojrg/Build/Intermediates.noindex/ICMPPing.build/Debug/ICMPPing.build/DerivedSources -Xcc -DSWIFT_PACKAGE -Xcc -DDEBUG\=1 -emit-objc-header -emit-objc-header-path /Users/nick/Library/Developer/Xcode/DerivedData/PingApp-aefdhkxdvtwimlfippgngpfiojrg/Build/Intermediates.noindex/ICMPPing.build/Debug/ICMPPing.build/Objects-normal/arm64/ICMPPing-Swift.h -working-directory /Users/nick/sync/development/pingApp/PingApp.xcodeproj -experimental-emit-module-separately -disable-cmo

SwiftMergeGeneratedHeaders /Users/nick/Library/Developer/Xcode/DerivedData/PingApp-aefdhkxdvtwimlfippgngpfiojrg/Build/Intermediates.noindex/GeneratedModuleMaps/ICMPPing-Swift.h /Users/nick/Library/Developer/Xcode/DerivedData/PingApp-aefdhkxdvtwimlfippgngpfiojrg/Build/Intermediates.noindex/ICMPPing.build/Debug/ICMPPing.build/Objects-normal/arm64/ICMPPing-Swift.h (in target 'ICMPPing' from project 'ICMPPing')
    cd /Users/nick/Library/Developer/Xcode/DerivedData/PingApp-aefdhkxdvtwimlfippgngpfiojrg/SourcePackages/checkouts/ICMPPing
    builtin-swiftHeaderTool -arch arm64 /Users/nick/Library/Developer/Xcode/DerivedData/PingApp-aefdhkxdvtwimlfippgngpfiojrg/Build/Intermediates.noindex/ICMPPing.build/Debug/ICMPPing.build/Objects-normal/arm64/ICMPPing-Swift.h -o /Users/nick/Library/Developer/Xcode/DerivedData/PingApp-aefdhkxdvtwimlfippgngpfiojrg/Build/Intermediates.noindex/GeneratedModuleMaps/ICMPPing-Swift.h

Copy /Users/nick/Library/Developer/Xcode/DerivedData/PingApp-aefdhkxdvtwimlfippgngpfiojrg/Build/Products/Debug/ICMPPing.swiftmodule/arm64-apple-macos.abi.json /Users/nick/Library/Developer/Xcode/DerivedData/PingApp-aefdhkxdvtwimlfippgngpfiojrg/Build/Intermediates.noindex/ICMPPing.build/Debug/ICMPPing.build/Objects-normal/arm64/ICMPPing.abi.json (in target 'ICMPPing' from project 'ICMPPing')
    cd /Users/nick/Library/Developer/Xcode/DerivedData/PingApp-aefdhkxdvtwimlfippgngpfiojrg/SourcePackages/checkouts/ICMPPing
    builtin-copy -exclude .DS_Store -exclude CVS -exclude .svn -exclude .git -exclude .hg -resolve-src-symlinks -rename /Users/nick/Library/Developer/Xcode/DerivedData/PingApp-aefdhkxdvtwimlfippgngpfiojrg/Build/Intermediates.noindex/ICMPPing.build/Debug/ICMPPing.build/Objects-normal/arm64/ICMPPing.abi.json /Users/nick/Library/Developer/Xcode/DerivedData/PingApp-aefdhkxdvtwimlfippgngpfiojrg/Build/Products/Debug/ICMPPing.swiftmodule/arm64-apple-macos.abi.json

Copy /Users/nick/Library/Developer/Xcode/DerivedData/PingApp-aefdhkxdvtwimlfippgngpfiojrg/Build/Products/Debug/ICMPPing.swiftmodule/arm64-apple-macos.swiftmodule /Users/nick/Library/Developer/Xcode/DerivedData/PingApp-aefdhkxdvtwimlfippgngpfiojrg/Build/Intermediates.noindex/ICMPPing.build/Debug/ICMPPing.build/Objects-normal/arm64/ICMPPing.swiftmodule (in target 'ICMPPing' from project 'ICMPPing')
    cd /Users/nick/Library/Developer/Xcode/DerivedData/PingApp-aefdhkxdvtwimlfippgngpfiojrg/SourcePackages/checkouts/ICMPPing
    builtin-copy -exclude .DS_Store -exclude CVS -exclude .svn -exclude .git -exclude .hg -resolve-src-symlinks -rename /Users/nick/Library/Developer/Xcode/DerivedData/PingApp-aefdhkxdvtwimlfippgngpfiojrg/Build/Intermediates.noindex/ICMPPing.build/Debug/ICMPPing.build/Objects-normal/arm64/ICMPPing.swiftmodule /Users/nick/Library/Developer/Xcode/DerivedData/PingApp-aefdhkxdvtwimlfippgngpfiojrg/Build/Products/Debug/ICMPPing.swiftmodule/arm64-apple-macos.swiftmodule

Copy /Users/nick/Library/Developer/Xcode/DerivedData/PingApp-aefdhkxdvtwimlfippgngpfiojrg/Build/Products/Debug/ICMPPing.swiftmodule/Project/arm64-apple-macos.swiftsourceinfo /Users/nick/Library/Developer/Xcode/DerivedData/PingApp-aefdhkxdvtwimlfippgngpfiojrg/Build/Intermediates.noindex/ICMPPing.build/Debug/ICMPPing.build/Objects-normal/arm64/ICMPPing.swiftsourceinfo (in target 'ICMPPing' from project 'ICMPPing')
    cd /Users/nick/Library/Developer/Xcode/DerivedData/PingApp-aefdhkxdvtwimlfippgngpfiojrg/SourcePackages/checkouts/ICMPPing
    builtin-copy -exclude .DS_Store -exclude CVS -exclude .svn -exclude .git -exclude .hg -resolve-src-symlinks -rename /Users/nick/Library/Developer/Xcode/DerivedData/PingApp-aefdhkxdvtwimlfippgngpfiojrg/Build/Intermediates.noindex/ICMPPing.build/Debug/ICMPPing.build/Objects-normal/arm64/ICMPPing.swiftsourceinfo /Users/nick/Library/Developer/Xcode/DerivedData/PingApp-aefdhkxdvtwimlfippgngpfiojrg/Build/Products/Debug/ICMPPing.swiftmodule/Project/arm64-apple-macos.swiftsourceinfo

Copy /Users/nick/Library/Developer/Xcode/DerivedData/PingApp-aefdhkxdvtwimlfippgngpfiojrg/Build/Products/Debug/ICMPPing.swiftmodule/arm64-apple-macos.swiftdoc /Users/nick/Library/Developer/Xcode/DerivedData/PingApp-aefdhkxdvtwimlfippgngpfiojrg/Build/Intermediates.noindex/ICMPPing.build/Debug/ICMPPing.build/Objects-normal/arm64/ICMPPing.swiftdoc (in target 'ICMPPing' from project 'ICMPPing')
    cd /Users/nick/Library/Developer/Xcode/DerivedData/PingApp-aefdhkxdvtwimlfippgngpfiojrg/SourcePackages/checkouts/ICMPPing
    builtin-copy -exclude .DS_Store -exclude CVS -exclude .svn -exclude .git -exclude .hg -resolve-src-symlinks -rename /Users/nick/Library/Developer/Xcode/DerivedData/PingApp-aefdhkxdvtwimlfippgngpfiojrg/Build/Intermediates.noindex/ICMPPing.build/Debug/ICMPPing.build/Objects-normal/arm64/ICMPPing.swiftdoc /Users/nick/Library/Developer/Xcode/DerivedData/PingApp-aefdhkxdvtwimlfippgngpfiojrg/Build/Products/Debug/ICMPPing.swiftmodule/arm64-apple-macos.swiftdoc

ProcessProductPackaging /Users/nick/sync/development/pingApp/Sources/PingApp/PingApp.entitlements /Users/nick/Library/Developer/Xcode/DerivedData/PingApp-aefdhkxdvtwimlfippgngpfiojrg/Build/Intermediates.noindex/PingApp.build/Debug/PingApp.build/PingApp.app.xcent (in target 'PingApp' from project 'PingApp')
    cd /Users/nick/sync/development/pingApp
    
    Entitlements:
    
    {
    "com.apple.application-identifier" = "QLHZVM6WMF.tech.papadopulos.pingapp";
    "com.apple.developer.team-identifier" = QLHZVM6WMF;
    "com.apple.security.app-sandbox" = 1;
    "com.apple.security.get-task-allow" = 1;
    "com.apple.security.network.client" = 1;
}
    
    builtin-productPackagingUtility /Users/nick/sync/development/pingApp/Sources/PingApp/PingApp.entitlements -entitlements -format xml -o /Users/nick/Library/Developer/Xcode/DerivedData/PingApp-aefdhkxdvtwimlfippgngpfiojrg/Build/Intermediates.noindex/PingApp.build/Debug/PingApp.build/PingApp.app.xcent

ProcessProductPackaging /Users/nick/Library/Developer/Xcode/UserData/Provisioning\ Profiles/b1196e4b-3d2b-4b4d-a931-f4ba5d490d97.provisionprofile /Users/nick/Library/Developer/Xcode/DerivedData/PingApp-aefdhkxdvtwimlfippgngpfiojrg/Build/Products/Debug/PingApp.app/Contents/embedded.provisionprofile (in target 'PingApp' from project 'PingApp')
    cd /Users/nick/sync/development/pingApp
    builtin-productPackagingUtility /Users/nick/Library/Developer/Xcode/UserData/Provisioning\ Profiles/b1196e4b-3d2b-4b4d-a931-f4ba5d490d97.provisionprofile -o /Users/nick/Library/Developer/Xcode/DerivedData/PingApp-aefdhkxdvtwimlfippgngpfiojrg/Build/Products/Debug/PingApp.app/Contents/embedded.provisionprofile

ProcessProductPackagingDER /Users/nick/Library/Developer/Xcode/DerivedData/PingApp-aefdhkxdvtwimlfippgngpfiojrg/Build/Intermediates.noindex/PingApp.build/Debug/PingApp.build/PingApp.app.xcent /Users/nick/Library/Developer/Xcode/DerivedData/PingApp-aefdhkxdvtwimlfippgngpfiojrg/Build/Intermediates.noindex/PingApp.build/Debug/PingApp.build/PingApp.app.xcent.der (in target 'PingApp' from project 'PingApp')
    cd /Users/nick/sync/development/pingApp
    /usr/bin/derq query -f xml -i /Users/nick/Library/Developer/Xcode/DerivedData/PingApp-aefdhkxdvtwimlfippgngpfiojrg/Build/Intermediates.noindex/PingApp.build/Debug/PingApp.build/PingApp.app.xcent -o /Users/nick/Library/Developer/Xcode/DerivedData/PingApp-aefdhkxdvtwimlfippgngpfiojrg/Build/Intermediates.noindex/PingApp.build/Debug/PingApp.build/PingApp.app.xcent.der --raw

SwiftDriverJobDiscovery normal arm64 Compiling ICMPPing.swift (in target 'ICMPPing' from project 'ICMPPing')

GenerateAssetSymbols /Users/nick/sync/development/pingApp/Sources/PingApp/Assets.xcassets (in target 'PingApp' from project 'PingApp')
    cd /Users/nick/sync/development/pingApp
    /Applications/Xcode.app/Contents/Developer/usr/bin/actool /Users/nick/sync/development/pingApp/Sources/PingApp/Assets.xcassets --compile /Users/nick/Library/Developer/Xcode/DerivedData/PingApp-aefdhkxdvtwimlfippgngpfiojrg/Build/Products/Debug/PingApp.app/Contents/Resources --output-format human-readable-text --notices --warnings --export-dependency-info /Users/nick/Library/Developer/Xcode/DerivedData/PingApp-aefdhkxdvtwimlfippgngpfiojrg/Build/Intermediates.noindex/PingApp.build/Debug/PingApp.build/assetcatalog_dependencies --output-partial-info-plist /Users/nick/Library/Developer/Xcode/DerivedData/PingApp-aefdhkxdvtwimlfippgngpfiojrg/Build/Intermediates.noindex/PingApp.build/Debug/PingApp.build/assetcatalog_generated_info.plist --app-icon AppIcon --enable-on-demand-resources NO --development-region en --target-device mac --minimum-deployment-target 13.0 --platform macosx --bundle-identifier tech.papadopulos.pingapp --generate-swift-asset-symbol-extensions NO --generate-swift-asset-symbols /Users/nick/Library/Developer/Xcode/DerivedData/PingApp-aefdhkxdvtwimlfippgngpfiojrg/Build/Intermediates.noindex/PingApp.build/Debug/PingApp.build/DerivedSources/GeneratedAssetSymbols.swift --generate-objc-asset-symbols /Users/nick/Library/Developer/Xcode/DerivedData/PingApp-aefdhkxdvtwimlfippgngpfiojrg/Build/Intermediates.noindex/PingApp.build/Debug/PingApp.build/DerivedSources/GeneratedAssetSymbols.h --generate-asset-symbol-index /Users/nick/Library/Developer/Xcode/DerivedData/PingApp-aefdhkxdvtwimlfippgngpfiojrg/Build/Intermediates.noindex/PingApp.build/Debug/PingApp.build/DerivedSources/GeneratedAssetSymbols-Index.plist
/* com.apple.actool.document.warnings */
/Users/nick/sync/development/pingApp/Sources/PingApp/Assets.xcassets:./AppIcon.appiconset/[][mac][1024x1024][][][1x][][][][][2d][icon_1024x1024.png]: warning: The app icon set "AppIcon" has an unassigned child.
/Users/nick/sync/development/pingApp/Sources/PingApp/Assets.xcassets:./AppIcon.appiconset/[][mac][1024x1024][][][1x][][][][][2d][icon_1024x1024.png]: warning: The app icon set "AppIcon" has an unassigned child.
/* com.apple.actool.compilation-results */
/Users/nick/Library/Developer/Xcode/DerivedData/PingApp-aefdhkxdvtwimlfippgngpfiojrg/Build/Intermediates.noindex/PingApp.build/Debug/PingApp.build/DerivedSources/GeneratedAssetSymbols-Index.plist
/Users/nick/Library/Developer/Xcode/DerivedData/PingApp-aefdhkxdvtwimlfippgngpfiojrg/Build/Intermediates.noindex/PingApp.build/Debug/PingApp.build/DerivedSources/GeneratedAssetSymbols.h
/Users/nick/Library/Developer/Xcode/DerivedData/PingApp-aefdhkxdvtwimlfippgngpfiojrg/Build/Intermediates.noindex/PingApp.build/Debug/PingApp.build/DerivedSources/GeneratedAssetSymbols.swift


MkDir /Users/nick/Library/Developer/Xcode/DerivedData/PingApp-aefdhkxdvtwimlfippgngpfiojrg/Build/Intermediates.noindex/PingApp.build/Debug/PingApp.build/assetcatalog_output/thinned (in target 'PingApp' from project 'PingApp')
    cd /Users/nick/sync/development/pingApp
    /bin/mkdir -p /Users/nick/Library/Developer/Xcode/DerivedData/PingApp-aefdhkxdvtwimlfippgngpfiojrg/Build/Intermediates.noindex/PingApp.build/Debug/PingApp.build/assetcatalog_output/thinned

MkDir /Users/nick/Library/Developer/Xcode/DerivedData/PingApp-aefdhkxdvtwimlfippgngpfiojrg/Build/Intermediates.noindex/PingApp.build/Debug/PingApp.build/assetcatalog_output/unthinned (in target 'PingApp' from project 'PingApp')
    cd /Users/nick/sync/development/pingApp
    /bin/mkdir -p /Users/nick/Library/Developer/Xcode/DerivedData/PingApp-aefdhkxdvtwimlfippgngpfiojrg/Build/Intermediates.noindex/PingApp.build/Debug/PingApp.build/assetcatalog_output/unthinned

CompileAssetCatalogVariant thinned /Users/nick/Library/Developer/Xcode/DerivedData/PingApp-aefdhkxdvtwimlfippgngpfiojrg/Build/Products/Debug/PingApp.app/Contents/Resources /Users/nick/sync/development/pingApp/Sources/PingApp/Assets.xcassets (in target 'PingApp' from project 'PingApp')
    cd /Users/nick/sync/development/pingApp
    /Applications/Xcode.app/Contents/Developer/usr/bin/actool /Users/nick/sync/development/pingApp/Sources/PingApp/Assets.xcassets --compile /Users/nick/Library/Developer/Xcode/DerivedData/PingApp-aefdhkxdvtwimlfippgngpfiojrg/Build/Intermediates.noindex/PingApp.build/Debug/PingApp.build/assetcatalog_output/thinned --output-format human-readable-text --notices --warnings --export-dependency-info /Users/nick/Library/Developer/Xcode/DerivedData/PingApp-aefdhkxdvtwimlfippgngpfiojrg/Build/Intermediates.noindex/PingApp.build/Debug/PingApp.build/assetcatalog_dependencies_thinned --output-partial-info-plist /Users/nick/Library/Developer/Xcode/DerivedData/PingApp-aefdhkxdvtwimlfippgngpfiojrg/Build/Intermediates.noindex/PingApp.build/Debug/PingApp.build/assetcatalog_generated_info.plist_thinned --app-icon AppIcon --enable-on-demand-resources NO --development-region en --target-device mac --minimum-deployment-target 13.0 --platform macosx

SwiftDriverJobDiscovery normal arm64 Compiling IPAddress.swift (in target 'ICMPPing' from project 'ICMPPing')

SwiftDriver\ Compilation ICMPPing normal arm64 com.apple.xcode.tools.swift.compiler (in target 'ICMPPing' from project 'ICMPPing')
    cd /Users/nick/sync/development/pingApp/PingApp.xcodeproj
    builtin-Swift-Compilation -- /Applications/Xcode.app/Contents/Developer/Toolchains/XcodeDefault.xctoolchain/usr/bin/swiftc -module-name ICMPPing -Onone -enforce-exclusivity\=checked @/Users/nick/Library/Developer/Xcode/DerivedData/PingApp-aefdhkxdvtwimlfippgngpfiojrg/Build/Intermediates.noindex/ICMPPing.build/Debug/ICMPPing.build/Objects-normal/arm64/ICMPPing.SwiftFileList -DSWIFT_PACKAGE -DDEBUG -DSWIFT_MODULE_RESOURCE_BUNDLE_UNAVAILABLE -Xcc -fmodule-map-file\=/Users/nick/Library/Developer/Xcode/DerivedData/PingApp-aefdhkxdvtwimlfippgngpfiojrg/Build/Intermediates.noindex/GeneratedModuleMaps/ICMPLib.modulemap -DXcode -plugin-path /Applications/Xcode.app/Contents/Developer/Toolchains/XcodeDefault.xctoolchain/usr/lib/swift/host/plugins/testing -enable-experimental-feature DebugDescriptionMacro -sdk /Applications/Xcode.app/Contents/Developer/Platforms/MacOSX.platform/Developer/SDKs/MacOSX26.1.sdk -target arm64-apple-macos11.0 -g -module-cache-path /Users/nick/Library/Developer/Xcode/DerivedData/ModuleCache.noindex -Xfrontend -serialize-debugging-options -enable-testing -suppress-warnings -index-store-path /Users/nick/Library/Developer/Xcode/DerivedData/PingApp-aefdhkxdvtwimlfippgngpfiojrg/Index.noindex/DataStore -Xcc -D_LIBCPP_HARDENING_MODE\=_LIBCPP_HARDENING_MODE_DEBUG -swift-version 5 -I /Users/nick/Library/Developer/Xcode/DerivedData/PingApp-aefdhkxdvtwimlfippgngpfiojrg/Build/Products/Debug -Isystem /Applications/Xcode.app/Contents/Developer/Platforms/MacOSX.platform/Developer/usr/lib -F /Users/nick/Library/Developer/Xcode/DerivedData/PingApp-aefdhkxdvtwimlfippgngpfiojrg/Build/Products/Debug/PackageFrameworks -F /Users/nick/Library/Developer/Xcode/DerivedData/PingApp-aefdhkxdvtwimlfippgngpfiojrg/Build/Products/Debug -F /Applications/Xcode.app/Contents/Developer/Platforms/MacOSX.platform/Developer/Library/Frameworks -c -j10 -enable-batch-mode -incremental -Xcc -ivfsstatcache -Xcc /Users/nick/Library/Developer/Xcode/DerivedData/SDKStatCaches.noindex/macosx26.1-25B74-3ae1261907bdadc328169391a47051a6.sdkstatcache -output-file-map /Users/nick/Library/Developer/Xcode/DerivedData/PingApp-aefdhkxdvtwimlfippgngpfiojrg/Build/Intermediates.noindex/ICMPPing.build/Debug/ICMPPing.build/Objects-normal/arm64/ICMPPing-OutputFileMap.json -use-frontend-parseable-output -save-temps -no-color-diagnostics -explicit-module-build -module-cache-path /Users/nick/Library/Developer/Xcode/DerivedData/PingApp-aefdhkxdvtwimlfippgngpfiojrg/Build/Intermediates.noindex/SwiftExplicitPrecompiledModules -clang-scanner-module-cache-path /Users/nick/Library/Developer/Xcode/DerivedData/ModuleCache.noindex -sdk-module-cache-path /Users/nick/Library/Developer/Xcode/DerivedData/ModuleCache.noindex -serialize-diagnostics -emit-dependencies -emit-module -emit-module-path /Users/nick/Library/Developer/Xcode/DerivedData/PingApp-aefdhkxdvtwimlfippgngpfiojrg/Build/Intermediates.noindex/ICMPPing.build/Debug/ICMPPing.build/Objects-normal/arm64/ICMPPing.swiftmodule -validate-clang-modules-once -clang-build-session-file /Users/nick/Library/Developer/Xcode/DerivedData/ModuleCache.noindex/Session.modulevalidation -Xcc -I/Users/nick/Library/Developer/Xcode/DerivedData/PingApp-aefdhkxdvtwimlfippgngpfiojrg/Build/Intermediates.noindex/ICMPPing.build/Debug/ICMPPing.build/swift-overrides.hmap -emit-const-values -Xfrontend -const-gather-protocols-file -Xfrontend /Users/nick/Library/Developer/Xcode/DerivedData/PingApp-aefdhkxdvtwimlfippgngpfiojrg/Build/Intermediates.noindex/ICMPPing.build/Debug/ICMPPing.build/Objects-normal/arm64/ICMPPing_const_extract_protocols.json -Xcc -I/Users/nick/Library/Developer/Xcode/DerivedData/PingApp-aefdhkxdvtwimlfippgngpfiojrg/SourcePackages/checkouts/ICMPPing/Sources/ICMPLib/include -Xcc -I/Users/nick/Library/Developer/Xcode/DerivedData/PingApp-aefdhkxdvtwimlfippgngpfiojrg/Build/Products/Debug/include -Xcc -I/Users/nick/Library/Developer/Xcode/DerivedData/PingApp-aefdhkxdvtwimlfippgngpfiojrg/Build/Intermediates.noindex/ICMPPing.build/Debug/ICMPPing.build/DerivedSources-normal/arm64 -Xcc -I/Users/nick/Library/Developer/Xcode/DerivedData/PingApp-aefdhkxdvtwimlfippgngpfiojrg/Build/Intermediates.noindex/ICMPPing.build/Debug/ICMPPing.build/DerivedSources/arm64 -Xcc -I/Users/nick/Library/Developer/Xcode/DerivedData/PingApp-aefdhkxdvtwimlfippgngpfiojrg/Build/Intermediates.noindex/ICMPPing.build/Debug/ICMPPing.build/DerivedSources -Xcc -DSWIFT_PACKAGE -Xcc -DDEBUG\=1 -emit-objc-header -emit-objc-header-path /Users/nick/Library/Developer/Xcode/DerivedData/PingApp-aefdhkxdvtwimlfippgngpfiojrg/Build/Intermediates.noindex/ICMPPing.build/Debug/ICMPPing.build/Objects-normal/arm64/ICMPPing-Swift.h -working-directory /Users/nick/sync/development/pingApp/PingApp.xcodeproj -experimental-emit-module-separately -disable-cmo

SwiftDriver PingApp normal arm64 com.apple.xcode.tools.swift.compiler (in target 'PingApp' from project 'PingApp')
    cd /Users/nick/sync/development/pingApp
    builtin-SwiftDriver -- /Applications/Xcode.app/Contents/Developer/Toolchains/XcodeDefault.xctoolchain/usr/bin/swiftc -module-name PingApp -Onone -enforce-exclusivity\=checked @/Users/nick/Library/Developer/Xcode/DerivedData/PingApp-aefdhkxdvtwimlfippgngpfiojrg/Build/Intermediates.noindex/PingApp.build/Debug/PingApp.build/Objects-normal/arm64/PingApp.SwiftFileList -DDEBUG -Xcc -fmodule-map-file\=/Users/nick/Library/Developer/Xcode/DerivedData/PingApp-aefdhkxdvtwimlfippgngpfiojrg/Build/Intermediates.noindex/GeneratedModuleMaps/ICMPLib.modulemap -enable-bare-slash-regex -enable-experimental-feature DebugDescriptionMacro -sdk /Applications/Xcode.app/Contents/Developer/Platforms/MacOSX.platform/Developer/SDKs/MacOSX26.1.sdk -target arm64-apple-macos13.0 -g -module-cache-path /Users/nick/Library/Developer/Xcode/DerivedData/ModuleCache.noindex -Xfrontend -serialize-debugging-options -enable-testing -index-store-path /Users/nick/Library/Developer/Xcode/DerivedData/PingApp-aefdhkxdvtwimlfippgngpfiojrg/Index.noindex/DataStore -Xcc -D_LIBCPP_HARDENING_MODE\=_LIBCPP_HARDENING_MODE_DEBUG -swift-version 5 -I /Users/nick/Library/Developer/Xcode/DerivedData/PingApp-aefdhkxdvtwimlfippgngpfiojrg/Build/Products/Debug -F /Users/nick/Library/Developer/Xcode/DerivedData/PingApp-aefdhkxdvtwimlfippgngpfiojrg/Build/Products/Debug/PackageFrameworks -F /Users/nick/Library/Developer/Xcode/DerivedData/PingApp-aefdhkxdvtwimlfippgngpfiojrg/Build/Products/Debug/PackageFrameworks -F /Users/nick/Library/Developer/Xcode/DerivedData/PingApp-aefdhkxdvtwimlfippgngpfiojrg/Build/Products/Debug -c -j10 -enable-batch-mode -incremental -Xcc -ivfsstatcache -Xcc /Users/nick/Library/Developer/Xcode/DerivedData/SDKStatCaches.noindex/macosx26.1-25B74-3ae1261907bdadc328169391a47051a6.sdkstatcache -output-file-map /Users/nick/Library/Developer/Xcode/DerivedData/PingApp-aefdhkxdvtwimlfippgngpfiojrg/Build/Intermediates.noindex/PingApp.build/Debug/PingApp.build/Objects-normal/arm64/PingApp-OutputFileMap.json -use-frontend-parseable-output -save-temps -no-color-diagnostics -explicit-module-build -module-cache-path /Users/nick/Library/Developer/Xcode/DerivedData/PingApp-aefdhkxdvtwimlfippgngpfiojrg/Build/Intermediates.noindex/SwiftExplicitPrecompiledModules -clang-scanner-module-cache-path /Users/nick/Library/Developer/Xcode/DerivedData/ModuleCache.noindex -sdk-module-cache-path /Users/nick/Library/Developer/Xcode/DerivedData/ModuleCache.noindex -serialize-diagnostics -emit-dependencies -emit-module -emit-module-path /Users/nick/Library/Developer/Xcode/DerivedData/PingApp-aefdhkxdvtwimlfippgngpfiojrg/Build/Intermediates.noindex/PingApp.build/Debug/PingApp.build/Objects-normal/arm64/PingApp.swiftmodule -validate-clang-modules-once -clang-build-session-file /Users/nick/Library/Developer/Xcode/DerivedData/ModuleCache.noindex/Session.modulevalidation -Xcc -I/Users/nick/Library/Developer/Xcode/DerivedData/PingApp-aefdhkxdvtwimlfippgngpfiojrg/Build/Intermediates.noindex/PingApp.build/Debug/PingApp.build/swift-overrides.hmap -emit-const-values -Xfrontend -const-gather-protocols-file -Xfrontend /Users/nick/Library/Developer/Xcode/DerivedData/PingApp-aefdhkxdvtwimlfippgngpfiojrg/Build/Intermediates.noindex/PingApp.build/Debug/PingApp.build/Objects-normal/arm64/PingApp_const_extract_protocols.json -Xcc -iquote -Xcc /Users/nick/Library/Developer/Xcode/DerivedData/PingApp-aefdhkxdvtwimlfippgngpfiojrg/Build/Intermediates.noindex/PingApp.build/Debug/PingApp.build/PingApp-generated-files.hmap -Xcc -I/Users/nick/Library/Developer/Xcode/DerivedData/PingApp-aefdhkxdvtwimlfippgngpfiojrg/Build/Intermediates.noindex/PingApp.build/Debug/PingApp.build/PingApp-own-target-headers.hmap -Xcc -I/Users/nick/Library/Developer/Xcode/DerivedData/PingApp-aefdhkxdvtwimlfippgngpfiojrg/Build/Intermediates.noindex/PingApp.build/Debug/PingApp.build/PingApp-all-non-framework-target-headers.hmap -Xcc -ivfsoverlay -Xcc /Users/nick/Library/Developer/Xcode/DerivedData/PingApp-aefdhkxdvtwimlfippgngpfiojrg/Build/Intermediates.noindex/PingApp.build/Debug/PingApp-7a7b0976bdd75e61884d803d5a23965b-VFS/all-product-headers.yaml -Xcc -iquote -Xcc /Users/nick/Library/Developer/Xcode/DerivedData/PingApp-aefdhkxdvtwimlfippgngpfiojrg/Build/Intermediates.noindex/PingApp.build/Debug/PingApp.build/PingApp-project-headers.hmap -Xcc -I/Users/nick/Library/Developer/Xcode/DerivedData/PingApp-aefdhkxdvtwimlfippgngpfiojrg/SourcePackages/checkouts/ICMPPing/Sources/ICMPLib/include -Xcc -I/Users/nick/Library/Developer/Xcode/DerivedData/PingApp-aefdhkxdvtwimlfippgngpfiojrg/Build/Products/Debug/include -Xcc -I/Users/nick/Library/Developer/Xcode/DerivedData/PingApp-aefdhkxdvtwimlfippgngpfiojrg/Build/Intermediates.noindex/PingApp.build/Debug/PingApp.build/DerivedSources-normal/arm64 -Xcc -I/Users/nick/Library/Developer/Xcode/DerivedData/PingApp-aefdhkxdvtwimlfippgngpfiojrg/Build/Intermediates.noindex/PingApp.build/Debug/PingApp.build/DerivedSources/arm64 -Xcc -I/Users/nick/Library/Developer/Xcode/DerivedData/PingApp-aefdhkxdvtwimlfippgngpfiojrg/Build/Intermediates.noindex/PingApp.build/Debug/PingApp.build/DerivedSources -Xcc -DDEBUG\=1 -Xcc -DDEBUG\=1 -emit-objc-header -emit-objc-header-path /Users/nick/Library/Developer/Xcode/DerivedData/PingApp-aefdhkxdvtwimlfippgngpfiojrg/Build/Intermediates.noindex/PingApp.build/Debug/PingApp.build/Objects-normal/arm64/PingApp-Swift.h -working-directory /Users/nick/sync/development/pingApp -experimental-emit-module-separately -disable-cmo

SwiftExplicitDependencyGeneratePcm arm64 /Users/nick/Library/Developer/Xcode/DerivedData/PingApp-aefdhkxdvtwimlfippgngpfiojrg/Build/Intermediates.noindex/SwiftExplicitPrecompiledModules/ICMPLib-9JLOOPHD9PQ1BVJLYMVQMO4R9.pcm

SwiftCompile normal arm64 Compiling\ MonitoringView.swift /Users/nick/sync/development/pingApp/Sources/PingApp/MonitoringView.swift (in target 'PingApp' from project 'PingApp')
SwiftCompile normal arm64 /Users/nick/sync/development/pingApp/Sources/PingApp/MonitoringView.swift (in target 'PingApp' from project 'PingApp')
    cd /Users/nick/sync/development/pingApp
    

SwiftEmitModule normal arm64 Emitting\ module\ for\ PingApp (in target 'PingApp' from project 'PingApp')
EmitSwiftModule normal arm64 (in target 'PingApp' from project 'PingApp')
    cd /Users/nick/sync/development/pingApp
    

SwiftCompile normal arm64 Compiling\ ContentView.swift /Users/nick/sync/development/pingApp/Sources/PingApp/ContentView.swift (in target 'PingApp' from project 'PingApp')
SwiftCompile normal arm64 /Users/nick/sync/development/pingApp/Sources/PingApp/ContentView.swift (in target 'PingApp' from project 'PingApp')
    cd /Users/nick/sync/development/pingApp
    

SwiftCompile normal arm64 Compiling\ HistoryView.swift /Users/nick/sync/development/pingApp/Sources/PingApp/HistoryView.swift (in target 'PingApp' from project 'PingApp')

SwiftCompile normal arm64 /Users/nick/sync/development/pingApp/Sources/PingApp/HistoryView.swift (in target 'PingApp' from project 'PingApp')
    cd /Users/nick/sync/development/pingApp
    

SwiftCompile normal arm64 Compiling\ PingApp.swift,\ AppState.swift /Users/nick/sync/development/pingApp/Sources/PingApp/PingApp.swift /Users/nick/sync/development/pingApp/Sources/PingApp/AppState.swift (in target 'PingApp' from project 'PingApp')
SwiftCompile normal arm64 /Users/nick/sync/development/pingApp/Sources/PingApp/PingApp.swift (in target 'PingApp' from project 'PingApp')
    cd /Users/nick/sync/development/pingApp
    

SwiftCompile normal arm64 /Users/nick/sync/development/pingApp/Sources/PingApp/AppState.swift (in target 'PingApp' from project 'PingApp')
    cd /Users/nick/sync/development/pingApp
    

SwiftCompile normal arm64 Compiling\ GeneratedAssetSymbols.swift /Users/nick/Library/Developer/Xcode/DerivedData/PingApp-aefdhkxdvtwimlfippgngpfiojrg/Build/Intermediates.noindex/PingApp.build/Debug/PingApp.build/DerivedSources/GeneratedAssetSymbols.swift (in target 'PingApp' from project 'PingApp')

SwiftCompile normal arm64 /Users/nick/Library/Developer/Xcode/DerivedData/PingApp-aefdhkxdvtwimlfippgngpfiojrg/Build/Intermediates.noindex/PingApp.build/Debug/PingApp.build/DerivedSources/GeneratedAssetSymbols.swift (in target 'PingApp' from project 'PingApp')
    cd /Users/nick/sync/development/pingApp
    

SwiftCompile normal arm64 Compiling\ SettingsView.swift /Users/nick/sync/development/pingApp/Sources/PingApp/SettingsView.swift (in target 'PingApp' from project 'PingApp')

SwiftCompile normal arm64 /Users/nick/sync/development/pingApp/Sources/PingApp/SettingsView.swift (in target 'PingApp' from project 'PingApp')
    cd /Users/nick/sync/development/pingApp
    

SwiftCompile normal arm64 Compiling\ ColorRules.swift /Users/nick/sync/development/pingApp/Sources/PingApp/ColorRules.swift (in target 'PingApp' from project 'PingApp')

SwiftCompile normal arm64 /Users/nick/sync/development/pingApp/Sources/PingApp/ColorRules.swift (in target 'PingApp' from project 'PingApp')
    cd /Users/nick/sync/development/pingApp
    

SwiftCompile normal arm64 Compiling\ PingService.swift /Users/nick/sync/development/pingApp/Sources/PingApp/PingService.swift (in target 'PingApp' from project 'PingApp')
Failed frontend command:
/Applications/Xcode.app/Contents/Developer/Toolchains/XcodeDefault.xctoolchain/usr/bin/swift-frontend -frontend -c /Users/nick/sync/development/pingApp/Sources/PingApp/PingApp.swift /Users/nick/sync/development/pingApp/Sources/PingApp/AppState.swift /Users/nick/sync/development/pingApp/Sources/PingApp/ColorRules.swift /Users/nick/sync/development/pingApp/Sources/PingApp/ContentView.swift /Users/nick/sync/development/pingApp/Sources/PingApp/HistoryView.swift /Users/nick/sync/development/pingApp/Sources/PingApp/MenuBarManager.swift /Users/nick/sync/development/pingApp/Sources/PingApp/MonitoringView.swift /Users/nick/sync/development/pingApp/Sources/PingApp/PingInputView.swift -primary-file /Users/nick/sync/development/pingApp/Sources/PingApp/PingService.swift /Users/nick/sync/development/pingApp/Sources/PingApp/SettingsView.swift /Users/nick/Library/Developer/Xcode/DerivedData/PingApp-aefdhkxdvtwimlfippgngpfiojrg/Build/Intermediates.noindex/PingApp.build/Debug/PingApp.build/DerivedSources/GeneratedAssetSymbols.swift -emit-dependencies-path /Users/nick/Library/Developer/Xcode/DerivedData/PingApp-aefdhkxdvtwimlfippgngpfiojrg/Build/Intermediates.noindex/PingApp.build/Debug/PingApp.build/Objects-normal/arm64/PingService.d -emit-const-values-path /Users/nick/Library/Developer/Xcode/DerivedData/PingApp-aefdhkxdvtwimlfippgngpfiojrg/Build/Intermediates.noindex/PingApp.build/Debug/PingApp.build/Objects-normal/arm64/PingService.swiftconstvalues -emit-reference-dependencies-path /Users/nick/Library/Developer/Xcode/DerivedData/PingApp-aefdhkxdvtwimlfippgngpfiojrg/Build/Intermediates.noindex/PingApp.build/Debug/PingApp.build/Objects-normal/arm64/PingService.swiftdeps -serialize-diagnostics-path /Users/nick/Library/Developer/Xcode/DerivedData/PingApp-aefdhkxdvtwimlfippgngpfiojrg/Build/Intermediates.noindex/PingApp.build/Debug/PingApp.build/Objects-normal/arm64/PingService.dia -target arm64-apple-macos13.0 -module-can-import-version AppKit 2685.20.119 2685.20.119 -module-can-import-version DeveloperToolsSupport 23.0.4 23.0.4 -module-can-import-version SwiftUI 7.1.13.1 7.1.13 -load-resolved-plugin /Applications/Xcode.app/Contents/Developer/Platforms/MacOSX.platform/Developer/usr/lib/swift/host/plugins/libFoundationMacros.dylib\#/Applications/Xcode.app/Contents/Developer/Platforms/MacOSX.platform/Developer/usr/bin/swift-plugin-server\#FoundationMacros -load-resolved-plugin /Applications/Xcode.app/Contents/Developer/Platforms/MacOSX.platform/Developer/usr/lib/swift/host/plugins/libObservationMacros.dylib\#/Applications/Xcode.app/Contents/Developer/Platforms/MacOSX.platform/Developer/usr/bin/swift-plugin-server\#ObservationMacros -load-resolved-plugin /Applications/Xcode.app/Contents/Developer/Platforms/MacOSX.platform/Developer/usr/lib/swift/host/plugins/libPreviewsMacros.dylib\#/Applications/Xcode.app/Contents/Developer/Platforms/MacOSX.platform/Developer/usr/bin/swift-plugin-server\#PreviewsMacros -load-resolved-plugin /Applications/Xcode.app/Contents/Developer/Platforms/MacOSX.platform/Developer/usr/lib/swift/host/plugins/libSwiftMacros.dylib\#/Applications/Xcode.app/Contents/Developer/Platforms/MacOSX.platform/Developer/usr/bin/swift-plugin-server\#SwiftMacros -load-resolved-plugin /Applications/Xcode.app/Contents/Developer/Platforms/MacOSX.platform/Developer/usr/lib/swift/host/plugins/libSwiftUIMacros.dylib\#/Applications/Xcode.app/Contents/Developer/Platforms/MacOSX.platform/Developer/usr/bin/swift-plugin-server\#SwiftUIMacros -disable-implicit-swift-modules -Xcc -fno-implicit-modules -Xcc -fno-implicit-module-maps -explicit-swift-module-map-file /Users/nick/Library/Developer/Xcode/DerivedData/PingApp-aefdhkxdvtwimlfippgngpfiojrg/Build/Intermediates.noindex/PingApp.build/Debug/PingApp.build/Objects-normal/arm64/PingApp-dependencies-1.json -Xllvm -aarch64-use-tbi -enable-objc-interop -stack-check -sdk /Applications/Xcode.app/Contents/Developer/Platforms/MacOSX.platform/Developer/SDKs/MacOSX26.1.sdk -I /Users/nick/Library/Developer/Xcode/DerivedData/PingApp-aefdhkxdvtwimlfippgngpfiojrg/Build/Products/Debug -F /Users/nick/Library/Developer/Xcode/DerivedData/PingApp-aefdhkxdvtwimlfippgngpfiojrg/Build/Products/Debug/PackageFrameworks -F /Users/nick/Library/Developer/Xcode/DerivedData/PingApp-aefdhkxdvtwimlfippgngpfiojrg/Build/Products/Debug/PackageFrameworks -F /Users/nick/Library/Developer/Xcode/DerivedData/PingApp-aefdhkxdvtwimlfippgngpfiojrg/Build/Products/Debug -no-color-diagnostics -Xcc -fno-color-diagnostics -enable-testing -g -debug-info-format\=dwarf -dwarf-version\=4 -module-cache-path /Users/nick/Library/Developer/Xcode/DerivedData/PingApp-aefdhkxdvtwimlfippgngpfiojrg/Build/Intermediates.noindex/SwiftExplicitPrecompiledModules -swift-version 5 -enforce-exclusivity\=checked -Onone -D DEBUG -serialize-debugging-options -const-gather-protocols-file /Users/nick/Library/Developer/Xcode/DerivedData/PingApp-aefdhkxdvtwimlfippgngpfiojrg/Build/Intermediates.noindex/PingApp.build/Debug/PingApp.build/Objects-normal/arm64/PingApp_const_extract_protocols.json -enable-experimental-feature DebugDescriptionMacro -enable-bare-slash-regex -empty-abi-descriptor -validate-clang-modules-once -clang-build-session-file /Users/nick/Library/Developer/Xcode/DerivedData/ModuleCache.noindex/Session.modulevalidation -Xcc -working-directory -Xcc /Users/nick/sync/development/pingApp -enable-anonymous-context-mangled-names -file-compilation-dir /Users/nick/sync/development/pingApp -Xcc -fmodule-map-file\=/Users/nick/Library/Developer/Xcode/DerivedData/PingApp-aefdhkxdvtwimlfippgngpfiojrg/Build/Intermediates.noindex/GeneratedModuleMaps/ICMPLib.modulemap -Xcc -D_LIBCPP_HARDENING_MODE\=_LIBCPP_HARDENING_MODE_DEBUG -Xcc -ivfsstatcache -Xcc /Users/nick/Library/Developer/Xcode/DerivedData/SDKStatCaches.noindex/macosx26.1-25B74-3ae1261907bdadc328169391a47051a6.sdkstatcache -Xcc -I/Users/nick/Library/Developer/Xcode/DerivedData/PingApp-aefdhkxdvtwimlfippgngpfiojrg/Build/Intermediates.noindex/PingApp.build/Debug/PingApp.build/swift-overrides.hmap -Xcc -iquote -Xcc /Users/nick/Library/Developer/Xcode/DerivedData/PingApp-aefdhkxdvtwimlfippgngpfiojrg/Build/Intermediates.noindex/PingApp.build/Debug/PingApp.build/PingApp-generated-files.hmap -Xcc -I/Users/nick/Library/Developer/Xcode/DerivedData/PingApp-aefdhkxdvtwimlfippgngpfiojrg/Build/Intermediates.noindex/PingApp.build/Debug/PingApp.build/PingApp-own-target-headers.hmap -Xcc -I/Users/nick/Library/Developer/Xcode/DerivedData/PingApp-aefdhkxdvtwimlfippgngpfiojrg/Build/Intermediates.noindex/PingApp.build/Debug/PingApp.build/PingApp-all-non-framework-target-headers.hmap -Xcc -ivfsoverlay -Xcc /Users/nick/Library/Developer/Xcode/DerivedData/PingApp-aefdhkxdvtwimlfippgngpfiojrg/Build/Intermediates.noindex/PingApp.build/Debug/PingApp-7a7b0976bdd75e61884d803d5a23965b-VFS/all-product-headers.yaml -Xcc -iquote -Xcc /Users/nick/Library/Developer/Xcode/DerivedData/PingApp-aefdhkxdvtwimlfippgngpfiojrg/Build/Intermediates.noindex/PingApp.build/Debug/PingApp.build/PingApp-project-headers.hmap -Xcc -I/Users/nick/Library/Developer/Xcode/DerivedData/PingApp-aefdhkxdvtwimlfippgngpfiojrg/SourcePackages/checkouts/ICMPPing/Sources/ICMPLib/include -Xcc -I/Users/nick/Library/Developer/Xcode/DerivedData/PingApp-aefdhkxdvtwimlfippgngpfiojrg/Build/Products/Debug/include -Xcc -I/Users/nick/Library/Developer/Xcode/DerivedData/PingApp-aefdhkxdvtwimlfippgngpfiojrg/Build/Intermediates.noindex/PingApp.build/Debug/PingApp.build/DerivedSources-normal/arm64 -Xcc -I/Users/nick/Library/Developer/Xcode/DerivedData/PingApp-aefdhkxdvtwimlfippgngpfiojrg/Build/Intermediates.noindex/PingApp.build/Debug/PingApp.build/DerivedSources/arm64 -Xcc -I/Users/nick/Library/Developer/Xcode/DerivedData/PingApp-aefdhkxdvtwimlfippgngpfiojrg/Build/Intermediates.noindex/PingApp.build/Debug/PingApp.build/DerivedSources -Xcc -DDEBUG\=1 -Xcc -DDEBUG\=1 -no-auto-bridging-header-chaining -module-name PingApp -frontend-parseable-output -disable-clang-spi -target-sdk-version 26.1 -target-sdk-name macosx26.1 -clang-target arm64-apple-macos26.1 -in-process-plugin-server-path /Applications/Xcode.app/Contents/Developer/Toolchains/XcodeDefault.xctoolchain/usr/lib/swift/host/libSwiftInProcPluginServer.dylib -o /Users/nick/Library/Developer/Xcode/DerivedData/PingApp-aefdhkxdvtwimlfippgngpfiojrg/Build/Intermediates.noindex/PingApp.build/Debug/PingApp.build/Objects-normal/arm64/PingService.o -index-unit-output-path /PingApp.build/Debug/PingApp.build/Objects-normal/arm64/PingService.o -index-store-path /Users/nick/Library/Developer/Xcode/DerivedData/PingApp-aefdhkxdvtwimlfippgngpfiojrg/Index.noindex/DataStore -index-system-modules

SwiftCompile normal arm64 /Users/nick/sync/development/pingApp/Sources/PingApp/PingService.swift (in target 'PingApp' from project 'PingApp')
    cd /Users/nick/sync/development/pingApp
    
/Users/nick/sync/development/pingApp/Sources/PingApp/PingService.swift:30:79: error: cannot convert value of type 'Double' to expected argument type 'UInt32'
                    let result = try ICMPPing.ping(address: address, timeout: 2.0)
                                                                              ^
                                                                              UInt32( )
/Users/nick/sync/development/pingApp/Sources/PingApp/PingService.swift:23:16: warning: no 'async' operations occur within 'await' expression
        return await Task.detached {
               ^

Ld /Users/nick/Library/Developer/Xcode/DerivedData/PingApp-aefdhkxdvtwimlfippgngpfiojrg/Build/Products/Debug/ICMPLib.o normal (in target 'ICMPLib' from project 'ICMPPing')
    cd /Users/nick/Library/Developer/Xcode/DerivedData/PingApp-aefdhkxdvtwimlfippgngpfiojrg/SourcePackages/checkouts/ICMPPing
    /Applications/Xcode.app/Contents/Developer/Toolchains/XcodeDefault.xctoolchain/usr/bin/clang++ -Xlinker -reproducible -target arm64-apple-macos11.0 -r -isysroot /Applications/Xcode.app/Contents/Developer/Platforms/MacOSX.platform/Developer/SDKs/MacOSX26.1.sdk -O0 -w -L/Users/nick/Library/Developer/Xcode/DerivedData/PingApp-aefdhkxdvtwimlfippgngpfiojrg/Build/Intermediates.noindex/EagerLinkingTBDs/Debug -L/Users/nick/Library/Developer/Xcode/DerivedData/PingApp-aefdhkxdvtwimlfippgngpfiojrg/Build/Products/Debug -L/Applications/Xcode.app/Contents/Developer/Platforms/MacOSX.platform/Developer/usr/lib -F/Users/nick/Library/Developer/Xcode/DerivedData/PingApp-aefdhkxdvtwimlfippgngpfiojrg/Build/Intermediates.noindex/EagerLinkingTBDs/Debug -F/Users/nick/Library/Developer/Xcode/DerivedData/PingApp-aefdhkxdvtwimlfippgngpfiojrg/Build/Products/Debug -iframework /Applications/Xcode.app/Contents/Developer/Platforms/MacOSX.platform/Developer/Library/Frameworks -filelist /Users/nick/Library/Developer/Xcode/DerivedData/PingApp-aefdhkxdvtwimlfippgngpfiojrg/Build/Intermediates.noindex/ICMPPing.build/Debug/ICMPLib.build/Objects-normal/arm64/ICMPLib.LinkFileList -nostdlib -Xlinker -object_path_lto -Xlinker /Users/nick/Library/Developer/Xcode/DerivedData/PingApp-aefdhkxdvtwimlfippgngpfiojrg/Build/Intermediates.noindex/ICMPPing.build/Debug/ICMPLib.build/Objects-normal/arm64/ICMPLib_lto.o -rdynamic -Xlinker -no_deduplicate -Xlinker -dependency_info -Xlinker /Users/nick/Library/Developer/Xcode/DerivedData/PingApp-aefdhkxdvtwimlfippgngpfiojrg/Build/Intermediates.noindex/ICMPPing.build/Debug/ICMPLib.build/Objects-normal/arm64/ICMPLib_dependency_info.dat -o /Users/nick/Library/Developer/Xcode/DerivedData/PingApp-aefdhkxdvtwimlfippgngpfiojrg/Build/Products/Debug/ICMPLib.o

SwiftDriverJobDiscovery normal arm64 Compiling ColorRules.swift (in target 'PingApp' from project 'PingApp')

SwiftCompile normal arm64 Compiling\ MenuBarManager.swift /Users/nick/sync/development/pingApp/Sources/PingApp/MenuBarManager.swift (in target 'PingApp' from project 'PingApp')

SwiftCompile normal arm64 Compiling\ PingInputView.swift /Users/nick/sync/development/pingApp/Sources/PingApp/PingInputView.swift (in target 'PingApp' from project 'PingApp')

SwiftDriverJobDiscovery normal arm64 Compiling HistoryView.swift (in target 'PingApp' from project 'PingApp')

** BUILD FAILED **


The following build commands failed:
	SwiftCompile normal arm64 Compiling\ PingService.swift /Users/nick/sync/development/pingApp/Sources/PingApp/PingService.swift (in target 'PingApp' from project 'PingApp')
	SwiftCompile normal arm64 /Users/nick/sync/development/pingApp/Sources/PingApp/PingService.swift (in target 'PingApp' from project 'PingApp')
	Building project PingApp with scheme PingApp and configuration Debug
(3 failures)
